Component: ARM Compiler 5.06 update 4 (build 422) Tool: armlink [4d35d2]

==============================================================================

Section Cross References

    system_stm32f4xx.o(i.SystemCoreClockUpdate) refers to system_stm32f4xx.o(.data) for .data
    system_stm32f4xx.o(i.SystemCoreClockUpdate) refers to system_stm32f4xx.o(.constdata) for .constdata
    ff_gen_drv.o(i.FATFS_GetAttachedDriversNbr) refers to ff_gen_drv.o(.bss) for .bss
    ff_gen_drv.o(i.FATFS_LinkDriver) refers to ff_gen_drv.o(i.FATFS_LinkDriverEx) for FATFS_LinkDriverEx
    ff_gen_drv.o(i.FATFS_LinkDriverEx) refers to ff_gen_drv.o(.bss) for .bss
    ff_gen_drv.o(i.FATFS_UnLinkDriver) refers to ff_gen_drv.o(i.FATFS_UnLinkDriverEx) for FATFS_UnLinkDriverEx
    ff_gen_drv.o(i.FATFS_UnLinkDriverEx) refers to ff_gen_drv.o(.bss) for .bss
    ff.o(i.check_fs) refers to ff.o(i.move_window) for move_window
    ff.o(i.check_fs) refers to ff.o(i.ld_word) for ld_word
    ff.o(i.check_fs) refers to ff.o(i.ld_dword) for ld_dword
    ff.o(i.chk_lock) refers to ff.o(.bss) for .bss
    ff.o(i.clear_lock) refers to ff.o(.bss) for .bss
    ff.o(i.create_chain) refers to ff.o(i.get_fat) for get_fat
    ff.o(i.create_chain) refers to ff.o(i.put_fat) for put_fat
    ff.o(i.create_name) refers to ff.o(i.mem_set) for mem_set
    ff.o(i.create_name) refers to ff.o(.constdata) for .constdata
    ff.o(i.dec_lock) refers to ff.o(.bss) for .bss
    ff.o(i.dir_find) refers to ff.o(i.dir_sdi) for dir_sdi
    ff.o(i.dir_find) refers to ff.o(i.move_window) for move_window
    ff.o(i.dir_find) refers to ff.o(i.dir_next) for dir_next
    ff.o(i.dir_next) refers to ff.o(i.get_fat) for get_fat
    ff.o(i.dir_next) refers to ff.o(i.create_chain) for create_chain
    ff.o(i.dir_next) refers to ff.o(i.sync_window) for sync_window
    ff.o(i.dir_next) refers to ff.o(i.mem_set) for mem_set
    ff.o(i.dir_next) refers to ff.o(i.clust2sect) for clust2sect
    ff.o(i.dir_read) refers to ff.o(i.move_window) for move_window
    ff.o(i.dir_read) refers to ff.o(i.dir_next) for dir_next
    ff.o(i.dir_register) refers to ff.o(i.dir_sdi) for dir_sdi
    ff.o(i.dir_register) refers to ff.o(i.move_window) for move_window
    ff.o(i.dir_register) refers to ff.o(i.dir_next) for dir_next
    ff.o(i.dir_register) refers to ff.o(i.mem_set) for mem_set
    ff.o(i.dir_register) refers to ff.o(i.mem_cpy) for mem_cpy
    ff.o(i.dir_remove) refers to ff.o(i.move_window) for move_window
    ff.o(i.dir_sdi) refers to ff.o(i.get_fat) for get_fat
    ff.o(i.dir_sdi) refers to ff.o(i.clust2sect) for clust2sect
    ff.o(i.f_close) refers to ff.o(i.f_sync) for f_sync
    ff.o(i.f_close) refers to ff.o(i.validate) for validate
    ff.o(i.f_close) refers to ff.o(i.dec_lock) for dec_lock
    ff.o(i.f_closedir) refers to ff.o(i.validate) for validate
    ff.o(i.f_closedir) refers to ff.o(i.dec_lock) for dec_lock
    ff.o(i.f_getfree) refers to ff.o(i.find_volume) for find_volume
    ff.o(i.f_getfree) refers to ff.o(i.get_fat) for get_fat
    ff.o(i.f_getfree) refers to ff.o(i.move_window) for move_window
    ff.o(i.f_getfree) refers to ff.o(i.ld_dword) for ld_dword
    ff.o(i.f_getfree) refers to ff.o(i.ld_word) for ld_word
    ff.o(i.f_lseek) refers to ff.o(i.validate) for validate
    ff.o(i.f_lseek) refers to ff.o(i.clmt_clust) for clmt_clust
    ff.o(i.f_lseek) refers to ff.o(i.clust2sect) for clust2sect
    ff.o(i.f_lseek) refers to diskio.o(i.disk_write) for disk_write
    ff.o(i.f_lseek) refers to ff.o(i.get_fat) for get_fat
    ff.o(i.f_lseek) refers to diskio.o(i.disk_read) for disk_read
    ff.o(i.f_lseek) refers to ff.o(i.create_chain) for create_chain
    ff.o(i.f_mkdir) refers to ff.o(i.find_volume) for find_volume
    ff.o(i.f_mkdir) refers to ff.o(i.follow_path) for follow_path
    ff.o(i.f_mkdir) refers to ff.o(i.create_chain) for create_chain
    ff.o(i.f_mkdir) refers to ff.o(i.sync_window) for sync_window
    ff.o(i.f_mkdir) refers to diskio.o(i.get_fattime) for get_fattime
    ff.o(i.f_mkdir) refers to ff.o(i.clust2sect) for clust2sect
    ff.o(i.f_mkdir) refers to ff.o(i.mem_set) for mem_set
    ff.o(i.f_mkdir) refers to ff.o(i.st_dword) for st_dword
    ff.o(i.f_mkdir) refers to ff.o(i.st_clust) for st_clust
    ff.o(i.f_mkdir) refers to ff.o(i.mem_cpy) for mem_cpy
    ff.o(i.f_mkdir) refers to ff.o(i.dir_register) for dir_register
    ff.o(i.f_mkdir) refers to ff.o(i.remove_chain) for remove_chain
    ff.o(i.f_mkdir) refers to ff.o(i.sync_fs) for sync_fs
    ff.o(i.f_mkfs) refers to ff.o(i.get_ldnumber) for get_ldnumber
    ff.o(i.f_mkfs) refers to diskio.o(i.disk_initialize) for disk_initialize
    ff.o(i.f_mkfs) refers to diskio.o(i.disk_ioctl) for disk_ioctl
    ff.o(i.f_mkfs) refers to ff.o(i.mem_set) for mem_set
    ff.o(i.f_mkfs) refers to ff.o(i.mem_cpy) for mem_cpy
    ff.o(i.f_mkfs) refers to ff.o(i.st_word) for st_word
    ff.o(i.f_mkfs) refers to ff.o(i.st_dword) for st_dword
[...]
    Removing stm32f4xx_ll_fsmc.o(i.FSMC_PCCARD_DeInit), (30 bytes).
    Removing stm32f4xx_ll_fsmc.o(i.FSMC_PCCARD_IOSpace_Timing_Init), (28 bytes).
    Removing stm32f4xx_ll_fsmc.o(i.FSMC_PCCARD_Init), (40 bytes).
    Removing stm32f4xx_hal_cortex.o(.rev16_text), (4 bytes).
    Removing stm32f4xx_hal_cortex.o(.revsh_text), (4 bytes).
    Removing stm32f4xx_hal_cortex.o(.rrx_text), (6 bytes).
    Removing stm32f4xx_hal_cortex.o(i.HAL_MPU_ConfigRegion), (84 bytes).
    Removing stm32f4xx_hal_cortex.o(i.HAL_MPU_Disable), (28 bytes).
    Removing stm32f4xx_hal_cortex.o(i.HAL_MPU_Enable), (36 bytes).
    Removing stm32f4xx_hal_cortex.o(i.HAL_NVIC_ClearPendingIRQ), (26 bytes).
    Removing stm32f4xx_hal_cortex.o(i.HAL_NVIC_DisableIRQ), (34 bytes).
    Removing stm32f4xx_hal_cortex.o(i.HAL_NVIC_GetActive), (36 bytes).
    Removing stm32f4xx_hal_cortex.o(i.HAL_NVIC_GetPendingIRQ), (36 bytes).
    Removing stm32f4xx_hal_cortex.o(i.HAL_NVIC_GetPriority), (82 bytes).
    Removing stm32f4xx_hal_cortex.o(i.HAL_NVIC_GetPriorityGrouping), (16 bytes).
    Removing stm32f4xx_hal_cortex.o(i.HAL_NVIC_SetPendingIRQ), (26 bytes).
    Removing stm32f4xx_hal_cortex.o(i.HAL_NVIC_SystemReset), (36 bytes).
    Removing stm32f4xx_hal_cortex.o(i.HAL_SYSTICK_CLKSourceConfig), (24 bytes).
    Removing stm32f4xx_hal_cortex.o(i.HAL_SYSTICK_Callback), (2 bytes).
    Removing stm32f4xx_hal_cortex.o(i.HAL_SYSTICK_IRQHandler), (8 bytes).
    Removing stm32f4xx_hal_uart.o(.rev16_text), (4 bytes).
    Removing stm32f4xx_hal_uart.o(.revsh_text), (4 bytes).
    Removing stm32f4xx_hal_uart.o(.rrx_text), (6 bytes).
    Removing stm32f4xx_hal_uart.o(i.HAL_HalfDuplex_EnableReceiver), (50 bytes).
    Removing stm32f4xx_hal_uart.o(i.HAL_HalfDuplex_EnableTransmitter), (50 bytes).
    Removing stm32f4xx_hal_uart.o(i.HAL_HalfDuplex_Init), (108 bytes).
    Removing stm32f4xx_hal_uart.o(i.HAL_LIN_Init), (128 bytes).
    Removing stm32f4xx_hal_uart.o(i.HAL_LIN_SendBreak), (46 bytes).
    Removing stm32f4xx_hal_uart.o(i.HAL_MultiProcessor_EnterMuteMode), (46 bytes).
    Removing stm32f4xx_hal_uart.o(i.HAL_MultiProcessor_ExitMuteMode), (46 bytes).
    Removing stm32f4xx_hal_uart.o(i.HAL_MultiProcessor_Init), (142 bytes).
    Removing stm32f4xx_hal_uart.o(i.HAL_UART_Abort), (104 bytes).
    Removing stm32f4xx_hal_uart.o(i.HAL_UART_AbortCpltCallback), (2 bytes).
    Removing stm32f4xx_hal_uart.o(i.HAL_UART_AbortReceive), (68 bytes).
    Removing stm32f4xx_hal_uart.o(i.HAL_UART_AbortReceiveCpltCallback), (2 bytes).
    Removing stm32f4xx_hal_uart.o(i.HAL_UART_AbortReceive_IT), (92 bytes).
    Removing stm32f4xx_hal_uart.o(i.HAL_UART_AbortTransmit), (58 bytes).
    Removing stm32f4xx_hal_uart.o(i.HAL_UART_AbortTransmitCpltCallback), (2 bytes).
    Removing stm32f4xx_hal_uart.o(i.HAL_UART_AbortTransmit_IT), (84 bytes).
    Removing stm32f4xx_hal_uart.o(i.HAL_UART_Abort_IT), (172 bytes).
    Removing stm32f4xx_hal_uart.o(i.HAL_UART_DMAPause), (102 bytes).
    Removing stm32f4xx_hal_uart.o(i.HAL_UART_DMAResume), (94 bytes).
    Removing stm32f4xx_hal_uart.o(i.HAL_UART_DMAStop), (88 bytes).
    Removing stm32f4xx_hal_uart.o(i.HAL_UART_DeInit), (40 bytes).
    Removing stm32f4xx_hal_uart.o(i.HAL_UART_ErrorCallback), (2 bytes).
    Removing stm32f4xx_hal_uart.o(i.HAL_UART_GetError), (4 bytes).
    Removing stm32f4xx_hal_uart.o(i.HAL_UART_GetState), (10 bytes).
    Removing stm32f4xx_hal_uart.o(i.HAL_UART_IRQHandler), (272 bytes).
    Removing stm32f4xx_hal_uart.o(i.HAL_UART_Init), (98 bytes).
    Removing stm32f4xx_hal_uart.o(i.HAL_UART_MspDeInit), (2 bytes).
    Removing stm32f4xx_hal_uart.o(i.HAL_UART_MspInit), (2 bytes).
    Removing stm32f4xx_hal_uart.o(i.HAL_UART_Receive), (184 bytes).
    Removing stm32f4xx_hal_uart.o(i.HAL_UART_Receive_DMA), (152 bytes).
    Removing stm32f4xx_hal_uart.o(i.HAL_UART_Receive_IT), (72 bytes).
    Removing stm32f4xx_hal_uart.o(i.HAL_UART_RxCpltCallback), (2 bytes).
    Removing stm32f4xx_hal_uart.o(i.HAL_UART_RxHalfCpltCallback), (2 bytes).
    Removing stm32f4xx_hal_uart.o(i.HAL_UART_Transmit), (186 bytes).
    Removing stm32f4xx_hal_uart.o(i.HAL_UART_Transmit_DMA), (128 bytes).
    Removing stm32f4xx_hal_uart.o(i.HAL_UART_Transmit_IT), (62 bytes).
    Removing stm32f4xx_hal_uart.o(i.HAL_UART_TxCpltCallback), (2 bytes).
    Removing stm32f4xx_hal_uart.o(i.HAL_UART_TxHalfCpltCallback), (2 bytes).
    Removing stm32f4xx_hal_uart.o(i.UART_DMAAbortOnError), (16 bytes).
    Removing stm32f4xx_hal_uart.o(i.UART_DMAError), (74 bytes).
    Removing stm32f4xx_hal_uart.o(i.UART_DMAReceiveCplt), (60 bytes).
    Removing stm32f4xx_hal_uart.o(i.UART_DMARxAbortCallback), (42 bytes).
    Removing stm32f4xx_hal_uart.o(i.UART_DMARxHalfCplt), (10 bytes).
    Removing stm32f4xx_hal_uart.o(i.UART_DMARxOnlyAbortCallback), (20 bytes).
    Removing stm32f4xx_hal_uart.o(i.UART_DMATransmitCplt), (46 bytes).
    Removing stm32f4xx_hal_uart.o(i.UART_DMATxAbortCallback), (42 bytes).
    Removing stm32f4xx_hal_uart.o(i.UART_DMATxHalfCplt), (10 bytes).
    Removing stm32f4xx_hal_uart.o(i.UART_DMATxOnlyAbortCallback), (20 bytes).
    Removing stm32f4xx_hal_uart.o(i.UART_EndRxTransfer), (28 bytes).
    Removing stm32f4xx_hal_uart.o(i.UART_EndTxTransfer), (18 bytes).
    Removing stm32f4xx_hal_uart.o(i.UART_Receive_IT), (140 bytes).
    Removing stm32f4xx_hal_uart.o(i.UART_SetConfig), (684 bytes).
    Removing stm32f4xx_hal_uart.o(i.UART_Transmit_IT), (98 bytes).
    Removing stm32f4xx_hal_uart.o(i.UART_WaitOnFlagUntilTimeout), (100 bytes).
    Removing sd_diskio.o(.rev16_text), (4 bytes).
    Removing sd_diskio.o(.revsh_text), (4 bytes).
    Removing sd_diskio.o(.rrx_text), (6 bytes).
    Removing stmpe811.o(i.stmpe811_ClearGlobalIT), (10 bytes).
    Removing stmpe811.o(i.stmpe811_DisableGlobalIT), (28 bytes).
    Removing stmpe811.o(i.stmpe811_DisableITSource), (30 bytes).
    Removing stmpe811.o(i.stmpe811_EnableGlobalIT), (28 bytes).
    Removing stmpe811.o(i.stmpe811_EnableITSource), (30 bytes).
    Removing stmpe811.o(i.stmpe811_GetInstance), (28 bytes).
    Removing stmpe811.o(i.stmpe811_GlobalITStatus), (24 bytes).
    Removing stmpe811.o(i.stmpe811_IO_ClearIT), (56 bytes).
    Removing stmpe811.o(i.stmpe811_IO_Config), (200 bytes).
    Removing stmpe811.o(i.stmpe811_IO_DisableAF), (30 bytes).
    Removing stmpe811.o(i.stmpe811_IO_DisableIT), (20 bytes).
    Removing stmpe811.o(i.stmpe811_IO_DisablePinIT), (30 bytes).
    Removing stmpe811.o(i.stmpe811_IO_EnableAF), (30 bytes).
    Removing stmpe811.o(i.stmpe811_IO_EnableIT), (26 bytes).
    Removing stmpe811.o(i.stmpe811_IO_EnablePinIT), (30 bytes).
    Removing stmpe811.o(i.stmpe811_IO_ITStatus), (16 bytes).
    Removing stmpe811.o(i.stmpe811_IO_InitPin), (40 bytes).
    Removing stmpe811.o(i.stmpe811_IO_ReadPin), (16 bytes).
    Removing stmpe811.o(i.stmpe811_IO_SetEdgeMode), (72 bytes).
    Removing stmpe811.o(i.stmpe811_IO_Start), (38 bytes).
    Removing stmpe811.o(i.stmpe811_IO_WritePin), (18 bytes).
    Removing stmpe811.o(i.stmpe811_Init), (48 bytes).
    Removing stmpe811.o(i.stmpe811_ReadGITStatus), (16 bytes).
    Removing stmpe811.o(i.stmpe811_ReadID), (32 bytes).
    Removing stmpe811.o(i.stmpe811_Reset), (40 bytes).
    Removing stmpe811.o(i.stmpe811_SetITPolarity), (32 bytes).
    Removing stmpe811.o(i.stmpe811_SetITType), (32 bytes).
    Removing stmpe811.o(i.stmpe811_TS_ClearIT), (6 bytes).
    Removing stmpe811.o(i.stmpe811_TS_DetectTouch), (54 bytes).
    Removing stmpe811.o(i.stmpe811_TS_DisableIT), (20 bytes).
    Removing stmpe811.o(i.stmpe811_TS_EnableIT), (26 bytes).
    Removing stmpe811.o(i.stmpe811_TS_GetXY), (62 bytes).
    Removing stmpe811.o(i.stmpe811_TS_ITStatus), (16 bytes).
    Removing stmpe811.o(i.stmpe811_TS_Start), (162 bytes).
    Removing stmpe811.o(.data), (40 bytes).
    Removing stmpe811.o(.data), (44 bytes).
    Removing stmpe811.o(.data), (2 bytes).
    Removing main.o(.rev16_text), (4 bytes).
    Removing main.o(.revsh_text), (4 bytes).
    Removing main.o(.rrx_text), (6 bytes).
    Removing stm32f4xx_it.o(.rev16_text), (4 bytes).
    Removing stm32f4xx_it.o(.revsh_text), (4 bytes).
    Removing stm32f4xx_it.o(.rrx_text), (6 bytes).

466 unused section(s) (total 30186 bytes) removed from the image.

==============================================================================

Image Symbol Table

    Local Symbols

    Symbol Name                              Value     Ov Type        Size  Object(Section)

    ../../../../../../Drivers/BSP/Components/stmpe811/stmpe811.c 0x00000000   Number         0  stmpe811.o ABSOLUTE
    ../../../../../../Drivers/BSP/STM324xG_EVAL/stm324xg_eval.c 0x00000000   Number         0  stm324xg_eval.o ABSOLUTE
    ../../../../../../Drivers/BSP/STM324xG_EVAL/stm324xg_eval_io.c 0x00000000   Number         0  stm324xg_eval_io.o ABSOLUTE
    ../../../../../../Drivers/BSP/STM324xG_EVAL/stm324xg_eval_sd.c 0x00000000   Number         0  stm324xg_eval_sd.o ABSOLUTE
    ../../../../../../Drivers/STM32F4xx_HAL_Driver/Src/stm32f4xx_hal.c 0x00000000   Number         0  stm32f4xx_hal.o ABSOLUTE
    ../../../../../../Drivers/STM32F4xx_HAL_Driver/Src/stm32f4xx_hal_cortex.c 0x00000000   Number         0  stm32f4xx_hal_cortex.o ABSOLUTE
    ../../../../../../Drivers/STM32F4xx_HAL_Driver/Src/stm32f4xx_hal_crc.c 0x00000000   Number         0  stm32f4xx_hal_crc.o ABSOLUTE
    ../../../../../../Drivers/STM32F4xx_HAL_Driver/Src/stm32f4xx_hal_dma.c 0x00000000   Number         0  stm32f4xx_hal_dma.o ABSOLUTE
    ../../../../../../Drivers/STM32F4xx_HAL_Driver/Src/stm32f4xx_hal_flash.c 0x00000000   Number         0  stm32f4xx_hal_flash.o ABSOLUTE
    ../../../../../../Drivers/STM32F4xx_HAL_Driver/Src/stm32f4xx_hal_flash_ex.c 0x00000000   Number         0  stm32f4xx_hal_flash_ex.o ABSOLUTE
    ../../../../../../Drivers/STM32F4xx_HAL_Driver/Src/stm32f4xx_hal_gpio.c 0x00000000   Number         0  stm32f4xx_hal_gpio.o ABSOLUTE
    ../../../../../../Drivers/STM32F4xx_HAL_Driver/Src/stm32f4xx_hal_i2c.c 0x00000000   Number         0  stm32f4xx_hal_i2c.o ABSOLUTE
    ../../../../../../Drivers/STM32F4xx_HAL_Driver/Src/stm32f4xx_hal_pwr.c 0x00000000   Number         0  stm32f4xx_hal_pwr.o ABSOLUTE
    ../../../../../../Drivers/STM32F4xx_HAL_Driver/Src/stm32f4xx_hal_rcc.c 0x00000000   Number         0  stm32f4xx_hal_rcc.o ABSOLUTE
    ../../../../../../Drivers/STM32F4xx_HAL_Driver/Src/stm32f4xx_hal_sd.c 0x00000000   Number         0  stm32f4xx_hal_sd.o ABSOLUTE
    ../../../../../../Drivers/STM32F4xx_HAL_Driver/Src/stm32f4xx_hal_sram.c 0x00000000   Number         0  stm32f4xx_hal_sram.o ABSOLUTE
    ../../../../../../Drivers/STM32F4xx_HAL_Driver/Src/stm32f4xx_hal_uart.c 0x00000000   Number         0  stm32f4xx_hal_uart.o ABSOLUTE
    ../../../../../../Drivers/STM32F4xx_HAL_Driver/Src/stm32f4xx_hal_usart.c 0x00000000   Number         0  stm32f4xx_hal_usart.o ABSOLUTE
    ../../../../../../Drivers/STM32F4xx_HAL_Driver/Src/stm32f4xx_ll_fsmc.c 0x00000000   Number         0  stm32f4xx_ll_fsmc.o ABSOLUTE
    ../../../../../../Drivers/STM32F4xx_HAL_Driver/Src/stm32f4xx_ll_sdmmc.c 0x00000000   Number         0  stm32f4xx_ll_sdmmc.o ABSOLUTE
    ../../../../../../Middlewares/Third_Party/FatFs/src/diskio.c 0x00000000   Number         0  diskio.o ABSOLUTE
    ../../../../../../Middlewares/Third_Party/FatFs/src/ff.c 0x00000000   Number         0  ff.o ABSOLUTE
    ../../../../../../Middlewares/Third_Party/FatFs/src/ff_gen_drv.c 0x00000000   Number         0  ff_gen_drv.o ABSOLUTE
    ../../../../../../Middlewares/Third_Party/FatFs/src/option/syscall.c 0x00000000   Number         0  syscall.o ABSOLUTE
    ../../../../../../Middlewares/Third_Party/FatFs/src/option/unicode.c 0x00000000   Number         0  unicode.o ABSOLUTE
    ../Src/main.c                            0x00000000   Number         0  main.o ABSOLUTE
    ../Src/sd_diskio.c                       0x00000000   Number         0  sd_diskio.o ABSOLUTE
    ../Src/stm32f4xx_it.c                    0x00000000   Number         0  stm32f4xx_it.o ABSOLUTE
    ../Src/system_stm32f4xx.c                0x00000000   Number         0  system_stm32f4xx.o ABSOLUTE
    ../clib/microlib/division.c              0x00000000   Number         0  uldiv.o ABSOLUTE
    ../clib/microlib/init/entry.s            0x00000000   Number         0  entry9b.o ABSOLUTE
    ../clib/microlib/init/entry.s            0x00000000   Number         0  entry9a.o ABSOLUTE
    ../clib/microlib/init/entry.s            0x00000000   Number         0  entry8b.o ABSOLUTE
    ../clib/microlib/init/entry.s            0x00000000   Number         0  entry8a.o ABSOLUTE
    ../clib/microlib/init/entry.s            0x00000000   Number         0  entry7b.o ABSOLUTE
    ../clib/microlib/init/entry.s            0x00000000   Number         0  entry7a.o ABSOLUTE
    ../clib/microlib/init/entry.s            0x00000000   Number         0  entry5.o ABSOLUTE
    ../clib/microlib/init/entry.s            0x00000000   Number         0  entry.o ABSOLUTE
    ../clib/microlib/init/entry.s            0x00000000   Number         0  entry2.o ABSOLUTE
    ../clib/microlib/init/entry.s            0x00000000   Number         0  entry11b.o ABSOLUTE
    ../clib/microlib/init/entry.s            0x00000000   Number         0  entry11a.o ABSOLUTE
    ../clib/microlib/init/entry.s            0x00000000   Number         0  entry10b.o ABSOLUTE
    ../clib/microlib/init/entry.s            0x00000000   Number         0  entry10a.o ABSOLUTE
    ../clib/microlib/longlong.c              0x00000000   Number         0  llushr.o ABSOLUTE
    ../clib/microlib/longlong.c              0x00000000   Number         0  llshl.o ABSOLUTE
    ../clib/microlib/string/memcpy.c         0x00000000   Number         0  memcpyb.o ABSOLUTE
    ../clib/microlib/string/memcpy.c         0x00000000   Number         0  memcpya.o ABSOLUTE
    ..\..\..\..\..\..\Drivers\BSP\STM324xG_EVAL\stm324xg_eval.c 0x00000000   Number         0  stm324xg_eval.o ABSOLUTE
    ..\..\..\..\..\..\Drivers\BSP\STM324xG_EVAL\stm324xg_eval_io.c 0x00000000   Number         0  stm324xg_eval_io.o ABSOLUTE
    ..\..\..\..\..\..\Drivers\BSP\STM324xG_EVAL\stm324xg_eval_sd.c 0x00000000   Number         0  stm324xg_eval_sd.o ABSOLUTE
    ..\..\..\..\..\..\Drivers\STM32F4xx_HAL_Driver\Src\stm32f4xx_hal.c 0x00000000   Number         0  stm32f4xx_hal.o ABSOLUTE
    ..\..\..\..\..\..\Drivers\STM32F4xx_HAL_Driver\Src\stm32f4xx_hal_cortex.c 0x00000000   Number         0  stm32f4xx_hal_cortex.o ABSOLUTE
    ..\..\..\..\..\..\Drivers\STM32F4xx_HAL_Driver\Src\stm32f4xx_hal_crc.c 0x00000000   Number         0  stm32f4xx_hal_crc.o ABSOLUTE
    ..\..\..\..\..\..\Drivers\STM32F4xx_HAL_Driver\Src\stm32f4xx_hal_dma.c 0x00000000   Number         0  stm32f4xx_hal_dma.o ABSOLUTE
    ..\..\..\..\..\..\Drivers\STM32F4xx_HAL_Driver\Src\stm32f4xx_hal_flash.c 0x00000000   Number         0  stm32f4xx_hal_flash.o ABSOLUTE
    ..\..\..\..\..\..\Drivers\STM32F4xx_HAL_Driver\Src\stm32f4xx_hal_flash_ex.c 0x00000000   Number         0  stm32f4xx_hal_flash_ex.o ABSOLUTE
    ..\..\..\..\..\..\Drivers\STM32F4xx_HAL_Driver\Src\stm32f4xx_hal_gpio.c 0x00000000   Number         0  stm32f4xx_hal_gpio.o ABSOLUTE
    ..\..\..\..\..\..\Drivers\STM32F4xx_HAL_Driver\Src\stm32f4xx_hal_i2c.c 0x00000000   Number         0  stm32f4xx_hal_i2c.o ABSOLUTE
    ..\..\..\..\..\..\Drivers\STM32F4xx_HAL_Driver\Src\stm32f4xx_hal_pwr.c 0x00000000   Number         0  stm32f4xx_hal_pwr.o ABSOLUTE
    ..\..\..\..\..\..\Drivers\STM32F4xx_HAL_Driver\Src\stm32f4xx_hal_rcc.c 0x00000000   Number         0  stm32f4xx_hal_rcc.o ABSOLUTE
    ..\..\..\..\..\..\Drivers\STM32F4xx_HAL_Driver\Src\stm32f4xx_hal_sd.c 0x00000000   Number         0  stm32f4xx_hal_sd.o ABSOLUTE
    ..\..\..\..\..\..\Drivers\STM32F4xx_HAL_Driver\Src\stm32f4xx_hal_sram.c 0x00000000   Number         0  stm32f4xx_hal_sram.o ABSOLUTE
    ..\..\..\..\..\..\Drivers\STM32F4xx_HAL_Driver\Src\stm32f4xx_hal_uart.c 0x00000000   Number         0  stm32f4xx_hal_uart.o ABSOLUTE
    ..\..\..\..\..\..\Drivers\STM32F4xx_HAL_Driver\Src\stm32f4xx_hal_usart.c 0x00000000   Number         0  stm32f4xx_hal_usart.o ABSOLUTE
    ..\..\..\..\..\..\Drivers\STM32F4xx_HAL_Driver\Src\stm32f4xx_ll_fsmc.c 0x00000000   Number         0  stm32f4xx_ll_fsmc.o ABSOLUTE
    ..\..\..\..\..\..\Drivers\STM32F4xx_HAL_Driver\Src\stm32f4xx_ll_sdmmc.c 0x00000000   Number         0  stm32f4xx_ll_sdmmc.o ABSOLUTE
    ..\Src\main.c                            0x00000000   Number         0  main.o ABSOLUTE
    ..\Src\sd_diskio.c                       0x00000000   Number         0  sd_diskio.o ABSOLUTE
    ..\Src\stm32f4xx_it.c                    0x00000000   Number         0  stm32f4xx_it.o ABSOLUTE
    ..\Src\system_stm32f4xx.c                0x00000000   Number         0  system_stm32f4xx.o ABSOLUTE
    dc.s                                     0x00000000   Number         0  dc.o ABSOLUTE
    handlers.s                               0x00000000   Number         0  handlers.o ABSOLUTE
    init.s                                   0x00000000   Number         0  init.o ABSOLUTE
    startup_stm32f407xx.s                    0x00000000   Number         0  startup_stm32f407xx.o ABSOLUTE
    RESET                                    0x08000000   Section      392  startup_stm32f407xx.o(RESET)
    .ARM.Collect$$$$00000000                 0x08000188   Section        0  entry.o(.ARM.Collect$$$$00000000)
    .ARM.Collect$$$$00000001                 0x08000188   Section        4  entry2.o(.ARM.Collect$$$$00000001)
    .ARM.Collect$$$$00000004                 0x0800018c   Section        4  entry5.o(.ARM.Collect$$$$00000004)
    .ARM.Collect$$$$00000008                 0x08000190   Section        0  entry7b.o(.ARM.Collect$$$$00000008)
    .ARM.Collect$$$$0000000A                 0x08000190   Section        0  entry8b.o(.ARM.Collect$$$$0000000A)
    .ARM.Collect$$$$0000000B                 0x08000190   Section        8  entry9a.o(.ARM.Collect$$$$0000000B)
    .ARM.Collect$$$$0000000D                 0x08000198   Section        0  entry10a.o(.ARM.Collect$$$$0000000D)
    .ARM.Collect$$$$0000000F                 0x08000198   Section        0  entry11a.o(.ARM.Collect$$$$0000000F)
    .ARM.Collect$$$$00002712                 0x08000198   Section        4  entry2.o(.ARM.Collect$$$$00002712)
    __lit__00000000                          0x08000198   Data           4  entry2.o(.ARM.Collect$$$$00002712)
    .text                                    0x0800019c   Section       36  startup_stm32f407xx.o(.text)
    $v0                                      0x0800019c   Number         0  startup_stm32f407xx.o(.text)
    .text                                    0x080001c0   Section        0  uldiv.o(.text)
    .text                                    0x08000222   Section        0  memcpya.o(.text)
    .text                                    0x08000246   Section        0  llshl.o(.text)
    .text                                    0x08000264   Section        0  llushr.o(.text)
    .text                                    0x08000284   Section       36  init.o(.text)
    i.BSP_LED_Init                           0x080002a8   Section        0  stm324xg_eval.o(i.BSP_LED_Init)
    i.BSP_LED_On                             0x0800031c   Section        0  stm324xg_eval.o(i.BSP_LED_On)
    i.BSP_SD_AbortCallback                   0x08000338   Section        0  stm324xg_eval_sd.o(i.BSP_SD_AbortCallback)
    i.BSP_SD_GetCardInfo                     0x0800033c   Section        0  stm324xg_eval_sd.o(i.BSP_SD_GetCardInfo)
    i.BSP_SD_GetCardState                    0x08000348   Section        0  stm324xg_eval_sd.o(i.BSP_SD_GetCardState)
    i.BSP_SD_Init                            0x08000360   Section        0  stm324xg_eval_sd.o(i.BSP_SD_Init)
    i.BSP_SD_IsDetected                      0x080003b0   Section        0  stm324xg_eval_sd.o(i.BSP_SD_IsDetected)
    i.BSP_SD_MspInit                         0x080003d4   Section        0  stm324xg_eval_sd.o(i.BSP_SD_MspInit)
    i.BSP_SD_ReadBlocks                      0x08000544   Section        0  stm324xg_eval_sd.o(i.BSP_SD_ReadBlocks)
    i.BSP_SD_ReadCpltCallback                0x08000560   Section        0  stm324xg_eval_sd.o(i.BSP_SD_ReadCpltCallback)
    i.BSP_SD_WriteBlocks                     0x08000564   Section        0  stm324xg_eval_sd.o(i.BSP_SD_WriteBlocks)
    i.BSP_SD_WriteCpltCallback               0x08000580   Section        0  stm324xg_eval_sd.o(i.BSP_SD_WriteCpltCallback)
    i.BusFault_Handler                       0x08000582   Section        0  stm32f4xx_it.o(i.BusFault_Handler)
    i.DMA2_Stream3_IRQHandler                0x08000584   Section        0  stm32f4xx_it.o(i.DMA2_Stream3_IRQHandler)
    i.DMA2_Stream6_IRQHandler                0x08000590   Section        0  stm32f4xx_it.o(i.DMA2_Stream6_IRQHandler)
    i.DMA_CalcBaseAndBitshift                0x0800059c   Section        0  stm32f4xx_hal_dma.o(i.DMA_CalcBaseAndBitshift)
    DMA_CalcBaseAndBitshift                  0x0800059d   Thumb Code    34  stm32f4xx_hal_dma.o(i.DMA_CalcBaseAndBitshift)
    i.DMA_CheckFifoParam                     0x080005c4   Section        0  stm32f4xx_hal_dma.o(i.DMA_CheckFifoParam)
    DMA_CheckFifoParam                       0x080005c5   Thumb Code    84  stm32f4xx_hal_dma.o(i.DMA_CheckFifoParam)
    i.DebugMon_Handler                       0x08000618   Section        0  stm32f4xx_it.o(i.DebugMon_Handler)
    i.Error_Handler                          0x0800061a   Section        0  main.o(i.Error_Handler)
    Error_Handler                            0x0800061b   Thumb Code     8  main.o(i.Error_Handler)
    i.FATFS_LinkDriver                       0x08000622   Section        0  ff_gen_drv.o(i.FATFS_LinkDriver)
    i.FATFS_LinkDriverEx                     0x08000628   Section        0  ff_gen_drv.o(i.FATFS_LinkDriverEx)
    i.FATFS_UnLinkDriver                     0x08000668   Section        0  ff_gen_drv.o(i.FATFS_UnLinkDriver)
    i.FATFS_UnLinkDriverEx                   0x08000670   Section        0  ff_gen_drv.o(i.FATFS_UnLinkDriverEx)
    i.HAL_DMA_Abort_IT                       0x080006a4   Section        0  stm32f4xx_hal_dma.o(i.HAL_DMA_Abort_IT)
    i.HAL_DMA_DeInit                         0x080006c8   Section        0  stm32f4xx_hal_dma.o(i.HAL_DMA_DeInit)
    i.HAL_DMA_IRQHandler                     0x08000720   Section        0  stm32f4xx_hal_dma.o(i.HAL_DMA_IRQHandler)
    i.HAL_DMA_Init                           0x080008c0   Section        0  stm32f4xx_hal_dma.o(i.HAL_DMA_Init)
    i.HAL_Delay                              0x08000994   Section        0  stm32f4xx_hal.o(i.HAL_Delay)
    i.HAL_GPIO_Init                          0x080009b8   Section        0  stm32f4xx_hal_gpio.o(i.HAL_GPIO_Init)
    i.HAL_GPIO_ReadPin                       0x08000b68   Section        0  stm32f4xx_hal_gpio.o(i.HAL_GPIO_ReadPin)
    i.HAL_GPIO_WritePin                      0x08000b72   Section        0  stm32f4xx_hal_gpio.o(i.HAL_GPIO_WritePin)
    i.HAL_GetREVID                           0x08000b7c   Section        0  stm32f4xx_hal.o(i.HAL_GetREVID)
    i.HAL_GetTick                            0x08000b88   Section        0  stm32f4xx_hal.o(i.HAL_GetTick)
    i.HAL_IncTick                            0x08000b94   Section        0  stm32f4xx_hal.o(i.HAL_IncTick)
    i.HAL_Init                               0x08000ba4   Section        0  stm32f4xx_hal.o(i.HAL_Init)
    i.HAL_InitTick                           0x08000bd0   Section        0  stm32f4xx_hal.o(i.HAL_InitTick)
    i.HAL_MspInit                            0x08000c10   Section        0  stm32f4xx_hal.o(i.HAL_MspInit)
    i.HAL_NVIC_EnableIRQ                     0x08000c12   Section        0  stm32f4xx_hal_cortex.o(i.HAL_NVIC_EnableIRQ)
    i.HAL_NVIC_SetPriority                   0x08000c2c   Section        0  stm32f4xx_hal_cortex.o(i.HAL_NVIC_SetPriority)
    i.HAL_NVIC_SetPriorityGrouping           0x08000c6c   Section        0  stm32f4xx_hal_cortex.o(i.HAL_NVIC_SetPriorityGrouping)
    i.HAL_RCC_ClockConfig                    0x08000c90   Section        0  stm32f4xx_hal_rcc.o(i.HAL_RCC_ClockConfig)
    i.HAL_RCC_GetSysClockFreq                0x08000dc0   Section        0  stm32f4xx_hal_rcc.o(i.HAL_RCC_GetSysClockFreq)
    i.HAL_RCC_OscConfig                      0x08000e24   Section        0  stm32f4xx_hal_rcc.o(i.HAL_RCC_OscConfig)
    i.HAL_SD_AbortCallback                   0x08001140   Section        0  stm324xg_eval_sd.o(i.HAL_SD_AbortCallback)
    i.HAL_SD_ConfigWideBusOperation          0x08001148   Section        0  stm32f4xx_hal_sd.o(i.HAL_SD_ConfigWideBusOperation)
    i.HAL_SD_ErrorCallback                   0x080011c0   Section        0  stm32f4xx_hal_sd.o(i.HAL_SD_ErrorCallback)
    i.HAL_SD_GetCardCSD                      0x080011c2   Section        0  stm32f4xx_hal_sd.o(i.HAL_SD_GetCardCSD)
    i.HAL_SD_GetCardInfo                     0x0800139c   Section        0  stm32f4xx_hal_sd.o(i.HAL_SD_GetCardInfo)
    i.HAL_SD_GetCardState                    0x080013c0   Section        0  stm32f4xx_hal_sd.o(i.HAL_SD_GetCardState)
    i.HAL_SD_IRQHandler                      0x080013ec   Section        0  stm32f4xx_hal_sd.o(i.HAL_SD_IRQHandler)
    i.HAL_SD_Init                            0x080015ac   Section        0  stm32f4xx_hal_sd.o(i.HAL_SD_Init)
    i.HAL_SD_InitCard                        0x080015e4   Section        0  stm32f4xx_hal_sd.o(i.HAL_SD_InitCard)
    i.HAL_SD_MspInit                         0x08001638   Section        0  stm32f4xx_hal_sd.o(i.HAL_SD_MspInit)
    i.HAL_SD_ReadBlocks                      0x0800163c   Section        0  stm32f4xx_hal_sd.o(i.HAL_SD_ReadBlocks)
    i.HAL_SD_RxCpltCallback                  0x080017ee   Section        0  stm324xg_eval_sd.o(i.HAL_SD_RxCpltCallback)
    i.HAL_SD_TxCpltCallback                  0x080017f6   Section        0  stm324xg_eval_sd.o(i.HAL_SD_TxCpltCallback)
    i.HAL_SD_WriteBlocks                     0x08001800   Section        0  stm32f4xx_hal_sd.o(i.HAL_SD_WriteBlocks)
    i.HAL_SYSTICK_Config                     0x0800199a   Section        0  stm32f4xx_hal_cortex.o(i.HAL_SYSTICK_Config)
    i.HardFault_Handler                      0x080019c2   Section        0  stm32f4xx_it.o(i.HardFault_Handler)
    i.MemManage_Handler                      0x080019c4   Section        0  stm32f4xx_it.o(i.MemManage_Handler)
    i.NMI_Handler                            0x080019c6   Section        0  stm32f4xx_it.o(i.NMI_Handler)
    i.PendSV_Handler                         0x080019c8   Section        0  stm32f4xx_it.o(i.PendSV_Handler)
    i.SDIO_ConfigData                        0x080019ca   Section        0  stm32f4xx_ll_sdmmc.o(i.SDIO_ConfigData)
    i.SDIO_GetPowerState                     0x080019ee   Section        0  stm32f4xx_ll_sdmmc.o(i.SDIO_GetPowerState)
    i.SDIO_GetResponse                       0x080019f6   Section        0  stm32f4xx_ll_sdmmc.o(i.SDIO_GetResponse)
    i.SDIO_IRQHandler                        0x08001a04   Section        0  stm32f4xx_it.o(i.SDIO_IRQHandler)
    i.SDIO_Init                              0x08001a10   Section        0  stm32f4xx_ll_sdmmc.o(i.SDIO_Init)
    i.SDIO_PowerState_ON                     0x08001a34   Section        0  stm32f4xx_ll_sdmmc.o(i.SDIO_PowerState_ON)
    i.SDIO_ReadFIFO                          0x08001a3c   Section        0  stm32f4xx_ll_sdmmc.o(i.SDIO_ReadFIFO)
    i.SDIO_SendCommand                       0x08001a42   Section        0  stm32f4xx_ll_sdmmc.o(i.SDIO_SendCommand)
    i.SDIO_WriteFIFO                         0x08001a62   Section        0  stm32f4xx_ll_sdmmc.o(i.SDIO_WriteFIFO)
    i.SDMMC_CmdAppCommand                    0x08001a6c   Section        0  stm32f4xx_ll_sdmmc.o(i.SDMMC_CmdAppCommand)
    i.SDMMC_CmdAppOperCommand                0x08001aa0   Section        0  stm32f4xx_ll_sdmmc.o(i.SDMMC_CmdAppOperCommand)
    i.SDMMC_CmdBlockLength                   0x08001ad4   Section        0  stm32f4xx_ll_sdmmc.o(i.SDMMC_CmdBlockLength)
    i.SDMMC_CmdBusWidth                      0x08001b06   Section        0  stm32f4xx_ll_sdmmc.o(i.SDMMC_CmdBusWidth)
    i.SDMMC_CmdGoIdleState                   0x08001b38   Section        0  stm32f4xx_ll_sdmmc.o(i.SDMMC_CmdGoIdleState)
    i.SDMMC_CmdOperCond                      0x08001b88   Section        0  stm32f4xx_ll_sdmmc.o(i.SDMMC_CmdOperCond)
    i.SDMMC_CmdReadMultiBlock                0x08001bf0   Section        0  stm32f4xx_ll_sdmmc.o(i.SDMMC_CmdReadMultiBlock)
    i.SDMMC_CmdReadSingleBlock               0x08001c22   Section        0  stm32f4xx_ll_sdmmc.o(i.SDMMC_CmdReadSingleBlock)
    i.SDMMC_CmdSelDesel                      0x08001c54   Section        0  stm32f4xx_ll_sdmmc.o(i.SDMMC_CmdSelDesel)
    i.SDMMC_CmdSendCID                       0x08001c86   Section        0  stm32f4xx_ll_sdmmc.o(i.SDMMC_CmdSendCID)
    i.SDMMC_CmdSendCSD                       0x08001cb2   Section        0  stm32f4xx_ll_sdmmc.o(i.SDMMC_CmdSendCSD)
    i.SDMMC_CmdSendSCR                       0x08001cde   Section        0  stm32f4xx_ll_sdmmc.o(i.SDMMC_CmdSendSCR)
    i.SDMMC_CmdSendStatus                    0x08001d0e   Section        0  stm32f4xx_ll_sdmmc.o(i.SDMMC_CmdSendStatus)
    i.SDMMC_CmdSetRelAdd                     0x08001d40   Section        0  stm32f4xx_ll_sdmmc.o(i.SDMMC_CmdSetRelAdd)
    i.SDMMC_CmdStopTransfer                  0x08001d70   Section        0  stm32f4xx_ll_sdmmc.o(i.SDMMC_CmdStopTransfer)
    i.SDMMC_CmdWriteMultiBlock               0x08001da4   Section        0  stm32f4xx_ll_sdmmc.o(i.SDMMC_CmdWriteMultiBlock)
    i.SDMMC_CmdWriteSingleBlock              0x08001dd6   Section        0  stm32f4xx_ll_sdmmc.o(i.SDMMC_CmdWriteSingleBlock)
    i.SDMMC_GetCmdResp1                      0x08001e08   Section        0  stm32f4xx_ll_sdmmc.o(i.SDMMC_GetCmdResp1)
    SDMMC_GetCmdResp1                        0x08001e09   Thumb Code   276  stm32f4xx_ll_sdmmc.o(i.SDMMC_GetCmdResp1)
    i.SDMMC_GetCmdResp2                      0x08001f24   Section        0  stm32f4xx_ll_sdmmc.o(i.SDMMC_GetCmdResp2)
    SDMMC_GetCmdResp2                        0x08001f25   Thumb Code    74  stm32f4xx_ll_sdmmc.o(i.SDMMC_GetCmdResp2)
    i.SDMMC_GetCmdResp3                      0x08001f74   Section        0  stm32f4xx_ll_sdmmc.o(i.SDMMC_GetCmdResp3)
    SDMMC_GetCmdResp3                        0x08001f75   Thumb Code    60  stm32f4xx_ll_sdmmc.o(i.SDMMC_GetCmdResp3)
    i.SDMMC_GetCmdResp6                      0x08001fb4   Section        0  stm32f4xx_ll_sdmmc.o(i.SDMMC_GetCmdResp6)
    SDMMC_GetCmdResp6                        0x08001fb5   Thumb Code   128  stm32f4xx_ll_sdmmc.o(i.SDMMC_GetCmdResp6)
    i.SD_CheckStatus                         0x08002038   Section        0  sd_diskio.o(i.SD_CheckStatus)
    SD_CheckStatus                           0x08002039   Thumb Code    26  sd_diskio.o(i.SD_CheckStatus)
    i.SD_DMARxAbort                          0x08002058   Section        0  stm32f4xx_hal_sd.o(i.SD_DMARxAbort)
    SD_DMARxAbort                            0x08002059   Thumb Code    72  stm32f4xx_hal_sd.o(i.SD_DMARxAbort)
    i.SD_DMATxAbort                          0x080020a0   Section        0  stm32f4xx_hal_sd.o(i.SD_DMATxAbort)
    SD_DMATxAbort                            0x080020a1   Thumb Code    72  stm32f4xx_hal_sd.o(i.SD_DMATxAbort)
    i.SD_FindSCR                             0x080020e8   Section        0  stm32f4xx_hal_sd.o(i.SD_FindSCR)
    SD_FindSCR                               0x080020e9   Thumb Code   212  stm32f4xx_hal_sd.o(i.SD_FindSCR)
    i.SD_InitCard                            0x080021bc   Section        0  stm32f4xx_hal_sd.o(i.SD_InitCard)
    SD_InitCard                              0x080021bd   Thumb Code   230  stm32f4xx_hal_sd.o(i.SD_InitCard)
    i.SD_PowerON                             0x080022a2   Section        0  stm32f4xx_hal_sd.o(i.SD_PowerON)
    SD_PowerON                               0x080022a3   Thumb Code   162  stm32f4xx_hal_sd.o(i.SD_PowerON)
    i.SD_WideBus_Disable                     0x08002344   Section        0  stm32f4xx_hal_sd.o(i.SD_WideBus_Disable)
    SD_WideBus_Disable                       0x08002345   Thumb Code    78  stm32f4xx_hal_sd.o(i.SD_WideBus_Disable)
    i.SD_WideBus_Enable                      0x08002392   Section        0  stm32f4xx_hal_sd.o(i.SD_WideBus_Enable)
    SD_WideBus_Enable                        0x08002393   Thumb Code    78  stm32f4xx_hal_sd.o(i.SD_WideBus_Enable)
    i.SD_initialize                          0x080023e0   Section        0  sd_diskio.o(i.SD_initialize)
    i.SD_ioctl                               0x08002400   Section        0  sd_diskio.o(i.SD_ioctl)
    i.SD_read                                0x08002450   Section        0  sd_diskio.o(i.SD_read)
    i.SD_status                              0x08002476   Section        0  sd_diskio.o(i.SD_status)
    i.SD_write                               0x0800247c   Section        0  sd_diskio.o(i.SD_write)
    i.SVC_Handler                            0x080024a2   Section        0  stm32f4xx_it.o(i.SVC_Handler)
    i.SysTick_Handler                        0x080024a4   Section        0  stm32f4xx_it.o(i.SysTick_Handler)
    i.SystemClock_Config                     0x080024a8   Section        0  main.o(i.SystemClock_Config)
    SystemClock_Config                       0x080024a9   Thumb Code   132  main.o(i.SystemClock_Config)
    i.SystemInit                             0x08002538   Section        0  system_stm32f4xx.o(i.SystemInit)
    i.UsageFault_Handler                     0x0800258c   Section        0  stm32f4xx_it.o(i.UsageFault_Handler)
    i.__NVIC_SetPriority                     0x0800258e   Section        0  stm32f4xx_hal_cortex.o(i.__NVIC_SetPriority)
    __NVIC_SetPriority                       0x0800258f   Thumb Code    32  stm32f4xx_hal_cortex.o(i.__NVIC_SetPriority)
    i.__scatterload_copy                     0x080025ae   Section       14  handlers.o(i.__scatterload_copy)
    i.__scatterload_null                     0x080025bc   Section        2  handlers.o(i.__scatterload_null)
    i.__scatterload_zeroinit                 0x080025be   Section       14  handlers.o(i.__scatterload_zeroinit)
    i.check_fs                               0x080025cc   Section        0  ff.o(i.check_fs)
    check_fs                                 0x080025cd   Thumb Code   102  ff.o(i.check_fs)
    i.chk_lock                               0x0800263c   Section        0  ff.o(i.chk_lock)
    chk_lock                                 0x0800263d   Thumb Code    86  ff.o(i.chk_lock)
    i.clear_lock                             0x08002698   Section        0  ff.o(i.clear_lock)
    clear_lock                               0x08002699   Thumb Code    28  ff.o(i.clear_lock)
    i.clmt_clust                             0x080026b8   Section        0  ff.o(i.clmt_clust)
    clmt_clust                               0x080026b9   Thumb Code    36  ff.o(i.clmt_clust)
    i.clust2sect                             0x080026dc   Section        0  ff.o(i.clust2sect)
    clust2sect                               0x080026dd   Thumb Code    24  ff.o(i.clust2sect)
    i.create_chain                           0x080026f4   Section        0  ff.o(i.create_chain)
    create_chain                             0x080026f5   Thumb Code   164  ff.o(i.create_chain)
    i.create_name                            0x08002798   Section        0  ff.o(i.create_name)
    create_name                              0x08002799   Thumb Code   168  ff.o(i.create_name)
    i.dec_lock                               0x08002854   Section        0  ff.o(i.dec_lock)
    dec_lock                                 0x08002855   Thumb Code    48  ff.o(i.dec_lock)
    i.dir_find                               0x08002888   Section        0  ff.o(i.dir_find)
    dir_find                                 0x08002889   Thumb Code   100  ff.o(i.dir_find)
    i.dir_next                               0x080028ec   Section        0  ff.o(i.dir_next)
    dir_next                                 0x080028ed   Thumb Code   244  ff.o(i.dir_next)
    i.dir_register                           0x080029e0   Section        0  ff.o(i.dir_register)
    dir_register                             0x080029e1   Thumb Code   102  ff.o(i.dir_register)
    i.dir_sdi                                0x08002a46   Section        0  ff.o(i.dir_sdi)
    dir_sdi                                  0x08002a47   Thumb Code   130  ff.o(i.dir_sdi)
    i.disk_initialize                        0x08002ac8   Section        0  diskio.o(i.disk_initialize)
    i.disk_ioctl                             0x08002af0   Section        0  diskio.o(i.disk_ioctl)
    i.disk_read                              0x08002b0c   Section        0  diskio.o(i.disk_read)
    i.disk_status                            0x08002b28   Section        0  diskio.o(i.disk_status)
    i.disk_write                             0x08002b40   Section        0  diskio.o(i.disk_write)
    i.f_close                                0x08002b5c   Section        0  ff.o(i.f_close)
    i.f_mkfs                                 0x08002b84   Section        0  ff.o(i.f_mkfs)
    i.f_mount                                0x080030d0   Section        0  ff.o(i.f_mount)
    i.f_open                                 0x08003128   Section        0  ff.o(i.f_open)
    i.f_read                                 0x08003334   Section        0  ff.o(i.f_read)
    i.f_sync                                 0x08003486   Section        0  ff.o(i.f_sync)
    i.f_write                                0x08003514   Section        0  ff.o(i.f_write)
    i.find_volume                            0x080036a4   Section        0  ff.o(i.find_volume)
    find_volume                              0x080036a5   Thumb Code   582  ff.o(i.find_volume)
    i.follow_path                            0x080038f8   Section        0  ff.o(i.follow_path)
    follow_path                              0x080038f9   Thumb Code   116  ff.o(i.follow_path)
    i.get_fat                                0x0800396c   Section        0  ff.o(i.get_fat)
    get_fat                                  0x0800396d   Thumb Code   190  ff.o(i.get_fat)
    i.get_fattime                            0x08003a2a   Section        0  diskio.o(i.get_fattime)
    i.get_ldnumber                           0x08003a2e   Section        0  ff.o(i.get_ldnumber)
    get_ldnumber                             0x08003a2f   Thumb Code    60  ff.o(i.get_ldnumber)
    i.inc_lock                               0x08003a6c   Section        0  ff.o(i.inc_lock)
    inc_lock                                 0x08003a6d   Thumb Code   124  ff.o(i.inc_lock)
    i.ld_clust                               0x08003aec   Section        0  ff.o(i.ld_clust)
    ld_clust                                 0x08003aed   Thumb Code    38  ff.o(i.ld_clust)
    i.ld_dword                               0x08003b12   Section        0  ff.o(i.ld_dword)
    ld_dword                                 0x08003b13   Thumb Code    22  ff.o(i.ld_dword)
    i.ld_word                                0x08003b28   Section        0  ff.o(i.ld_word)
    ld_word                                  0x08003b29   Thumb Code    10  ff.o(i.ld_word)
    i.main                                   0x08003b34   Section        0  main.o(i.main)
    i.mem_cpy                                0x08003c28   Section        0  ff.o(i.mem_cpy)
    mem_cpy                                  0x08003c29   Thumb Code    18  ff.o(i.mem_cpy)
    i.mem_set                                0x08003c3c   Section        0  ff.o(i.mem_set)
    mem_set                                  0x08003c3d   Thumb Code    14  ff.o(i.mem_set)
    i.move_window                            0x08003c4a   Section        0  ff.o(i.move_window)
    move_window                              0x08003c4b   Thumb Code    50  ff.o(i.move_window)
    i.put_fat                                0x08003c7c   Section        0  ff.o(i.put_fat)
    put_fat                                  0x08003c7d   Thumb Code   234  ff.o(i.put_fat)
    i.remove_chain                           0x08003d66   Section        0  ff.o(i.remove_chain)
    remove_chain                             0x08003d67   Thumb Code   116  ff.o(i.remove_chain)
    i.st_clust                               0x08003dda   Section        0  ff.o(i.st_clust)
    st_clust                                 0x08003ddb   Thumb Code    40  ff.o(i.st_clust)
    i.st_dword                               0x08003e02   Section        0  ff.o(i.st_dword)
    st_dword                                 0x08003e03   Thumb Code    16  ff.o(i.st_dword)
    i.st_word                                0x08003e12   Section        0  ff.o(i.st_word)
    st_word                                  0x08003e13   Thumb Code     8  ff.o(i.st_word)
    i.sync_fs                                0x08003e1c   Section        0  ff.o(i.sync_fs)
    sync_fs                                  0x08003e1d   Thumb Code   126  ff.o(i.sync_fs)
    i.sync_window                            0x08003ea4   Section        0  ff.o(i.sync_window)
    sync_window                              0x08003ea5   Thumb Code    82  ff.o(i.sync_window)
    i.validate                               0x08003ef6   Section        0  ff.o(i.validate)
    validate                                 0x08003ef7   Thumb Code    50  ff.o(i.validate)
    .constdata                               0x08003f28   Section       16  system_stm32f4xx.o(.constdata)
    .constdata                               0x08003f38   Section      156  ff.o(.constdata)
    ExCvt                                    0x08003f38   Data         128  ff.o(.constdata)
    cst                                      0x08003fb8   Data          14  ff.o(.constdata)
    cst32                                    0x08003fc6   Data          14  ff.o(.constdata)
    .constdata                               0x08003fd4   Section       28  stm324xg_eval.o(.constdata)
    .constdata                               0x08003ff0   Section        8  stm32f4xx_hal_dma.o(.constdata)
    flagBitshiftOffset                       0x08003ff0   Data           8  stm32f4xx_hal_dma.o(.constdata)
    .constdata                               0x08003ff8   Section       20  sd_diskio.o(.constdata)
    .data                                    0x20000000   Section        4  system_stm32f4xx.o(.data)
    .data                                    0x20000004   Section       12  ff.o(.data)
    Fsid                                     0x20000004   Data           2  ff.o(.data)
    FatFs                                    0x20000008   Data           8  ff.o(.data)
    .data                                    0x20000010   Section       44  stm324xg_eval.o(.data)
    Is_LCD_IO_Initialized                    0x20000010   Data           1  stm324xg_eval.o(.data)
    I2C_IT_Enabled                           0x20000011   Data           1  stm324xg_eval.o(.data)
    .data                                    0x2000003c   Section       12  stm32f4xx_hal.o(.data)
    .data                                    0x20000048   Section        1  sd_diskio.o(.data)
    Stat                                     0x20000048   Data           1  sd_diskio.o(.data)
    .data                                    0x20000049   Section        4  main.o(.data)
    .bss                                     0x20000050   Section       16  ff_gen_drv.o(.bss)
    .bss                                     0x20000060   Section       32  ff.o(.bss)
    Files                                    0x20000060   Data          32  ff.o(.bss)
    .bss                                     0x20000080   Section      324  stm324xg_eval_sd.o(.bss)
    dmaRxHandle                              0x20000080   Data          96  stm324xg_eval_sd.o(.bss)
    dmaTxHandle                              0x200000e0   Data          96  stm324xg_eval_sd.o(.bss)
    .bss                                     0x200001c4   Section     1632  main.o(.bss)
    buffer                                   0x20000624   Data         512  main.o(.bss)
    STACK                                    0x20000828   Section     2048  startup_stm32f407xx.o(STACK)

    Global Symbols

    Symbol Name                              Value     Ov Type        Size  Object(Section)

    BuildAttributes$$THM_ISAv4$E$P$D$K$B$S$7EM$VFPi3$EXTD16$VFPS$VFMA$PE$A:L22UL41UL21$X:L11$S22US41US21$IEEE1$IW$USESV6$~STKCKD$USESV7$~SHL$OSPACE$EBA8$MICROLIB$REQ8$PRES8$EABIv2 0x00000000   Number         0  anon$$obj.o ABSOLUTE
    __ARM_use_no_argv                        0x00000000   Number         0  main.o ABSOLUTE
    __cpp_initialize__aeabi_                  - Undefined Weak Reference
    __cxa_finalize                            - Undefined Weak Reference
    __decompress                              - Undefined Weak Reference
    _clock_init                               - Undefined Weak Reference
    _microlib_exit                            - Undefined Weak Reference
    __Vectors_Size                           0x00000188   Number         0  startup_stm32f407xx.o ABSOLUTE
    __Vectors                                0x08000000   Data           4  startup_stm32f407xx.o(RESET)
    __Vectors_End                            0x08000188   Data           0  startup_stm32f407xx.o(RESET)
    __main                                   0x08000189   Thumb Code     0  entry.o(.ARM.Collect$$$$00000000)
    _main_stk                                0x08000189   Thumb Code     0  entry2.o(.ARM.Collect$$$$00000001)
    _main_scatterload                        0x0800018d   Thumb Code     0  entry5.o(.ARM.Collect$$$$00000004)
    __main_after_scatterload                 0x08000191   Thumb Code     0  entry5.o(.ARM.Collect$$$$00000004)
    _main_clock                              0x08000191   Thumb Code     0  entry7b.o(.ARM.Collect$$$$00000008)
    _main_cpp_init                           0x08000191   Thumb Code     0  entry8b.o(.ARM.Collect$$$$0000000A)
    _main_init                               0x08000191   Thumb Code     0  entry9a.o(.ARM.Collect$$$$0000000B)
    __rt_final_cpp                           0x08000199   Thumb Code     0  entry10a.o(.ARM.Collect$$$$0000000D)
    __rt_final_exit                          0x08000199   Thumb Code     0  entry11a.o(.ARM.Collect$$$$0000000F)
    Reset_Handler                            0x0800019d   Thumb Code     8  startup_stm32f407xx.o(.text)
    ADC_IRQHandler                           0x080001b7   Thumb Code     0  startup_stm32f407xx.o(.text)
    CAN1_RX0_IRQHandler                      0x080001b7   Thumb Code     0  startup_stm32f407xx.o(.text)
    CAN1_RX1_IRQHandler                      0x080001b7   Thumb Code     0  startup_stm32f407xx.o(.text)
    CAN1_SCE_IRQHandler                      0x080001b7   Thumb Code     0  startup_stm32f407xx.o(.text)
    CAN1_TX_IRQHandler                       0x080001b7   Thumb Code     0  startup_stm32f407xx.o(.text)
    CAN2_RX0_IRQHandler                      0x080001b7   Thumb Code     0  startup_stm32f407xx.o(.text)
    CAN2_RX1_IRQHandler                      0x080001b7   Thumb Code     0  startup_stm32f407xx.o(.text)
    CAN2_SCE_IRQHandler                      0x080001b7   Thumb Code     0  startup_stm32f407xx.o(.text)
    CAN2_TX_IRQHandler                       0x080001b7   Thumb Code     0  startup_stm32f407xx.o(.text)
    DCMI_IRQHandler                          0x080001b7   Thumb Code     0  startup_stm32f407xx.o(.text)
    DMA1_Stream0_IRQHandler                  0x080001b7   Thumb Code     0  startup_stm32f407xx.o(.text)
    DMA1_Stream1_IRQHandler                  0x080001b7   Thumb Code     0  startup_stm32f407xx.o(.text)
    DMA1_Stream2_IRQHandler                  0x080001b7   Thumb Code     0  startup_stm32f407xx.o(.text)
    DMA1_Stream3_IRQHandler                  0x080001b7   Thumb Code     0  startup_stm32f407xx.o(.text)
    DMA1_Stream4_IRQHandler                  0x080001b7   Thumb Code     0  startup_stm32f407xx.o(.text)
    DMA1_Stream5_IRQHandler                  0x080001b7   Thumb Code     0  startup_stm32f407xx.o(.text)
    DMA1_Stream6_IRQHandler                  0x080001b7   Thumb Code     0  startup_stm32f407xx.o(.text)
    DMA1_Stream7_IRQHandler                  0x080001b7   Thumb Code     0  startup_stm32f407xx.o(.text)
    DMA2_Stream0_IRQHandler                  0x080001b7   Thumb Code     0  startup_stm32f407xx.o(.text)
    DMA2_Stream1_IRQHandler                  0x080001b7   Thumb Code     0  startup_stm32f407xx.o(.text)
    DMA2_Stream2_IRQHandler                  0x080001b7   Thumb Code     0  startup_stm32f407xx.o(.text)
    DMA2_Stream4_IRQHandler                  0x080001b7   Thumb Code     0  startup_stm32f407xx.o(.text)
    DMA2_Stream5_IRQHandler                  0x080001b7   Thumb Code     0  startup_stm32f407xx.o(.text)
    DMA2_Stream7_IRQHandler                  0x080001b7   Thumb Code     0  startup_stm32f407xx.o(.text)
    ETH_IRQHandler                           0x080001b7   Thumb Code     0  startup_stm32f407xx.o(.text)
    ETH_WKUP_IRQHandler                      0x080001b7   Thumb Code     0  startup_stm32f407xx.o(.text)
    EXTI0_IRQHandler                         0x080001b7   Thumb Code     0  startup_stm32f407xx.o(.text)
    EXTI15_10_IRQHandler                     0x080001b7   Thumb Code     0  startup_stm32f407xx.o(.text)
    EXTI1_IRQHandler                         0x080001b7   Thumb Code     0  startup_stm32f407xx.o(.text)
    EXTI2_IRQHandler                         0x080001b7   Thumb Code     0  startup_stm32f407xx.o(.text)
    EXTI3_IRQHandler                         0x080001b7   Thumb Code     0  startup_stm32f407xx.o(.text)
    EXTI4_IRQHandler                         0x080001b7   Thumb Code     0  startup_stm32f407xx.o(.text)
    EXTI9_5_IRQHandler                       0x080001b7   Thumb Code     0  startup_stm32f407xx.o(.text)
    FLASH_IRQHandler                         0x080001b7   Thumb Code     0  startup_stm32f407xx.o(.text)
    FMC_IRQHandler                           0x080001b7   Thumb Code     0  startup_stm32f407xx.o(.text)
    FPU_IRQHandler                           0x080001b7   Thumb Code     0  startup_stm32f407xx.o(.text)
    HASH_RNG_IRQHandler                      0x080001b7   Thumb Code     0  startup_stm32f407xx.o(.text)
    I2C1_ER_IRQHandler                       0x080001b7   Thumb Code     0  startup_stm32f407xx.o(.text)
    I2C1_EV_IRQHandler                       0x080001b7   Thumb Code     0  startup_stm32f407xx.o(.text)
    I2C2_ER_IRQHandler                       0x080001b7   Thumb Code     0  startup_stm32f407xx.o(.text)
    I2C2_EV_IRQHandler                       0x080001b7   Thumb Code     0  startup_stm32f407xx.o(.text)
    I2C3_ER_IRQHandler                       0x080001b7   Thumb Code     0  startup_stm32f407xx.o(.text)
    I2C3_EV_IRQHandler                       0x080001b7   Thumb Code     0  startup_stm32f407xx.o(.text)
    OTG_FS_IRQHandler                        0x080001b7   Thumb Code     0  startup_stm32f407xx.o(.text)
    OTG_FS_WKUP_IRQHandler                   0x080001b7   Thumb Code     0  startup_stm32f407xx.o(.text)
    OTG_HS_EP1_IN_IRQHandler                 0x080001b7   Thumb Code     0  startup_stm32f407xx.o(.text)
    OTG_HS_EP1_OUT_IRQHandler                0x080001b7   Thumb Code     0  startup_stm32f407xx.o(.text)
    OTG_HS_IRQHandler                        0x080001b7   Thumb Code     0  startup_stm32f407xx.o(.text)
    OTG_HS_WKUP_IRQHandler                   0x080001b7   Thumb Code     0  startup_stm32f407xx.o(.text)
    PVD_IRQHandler                           0x080001b7   Thumb Code     0  startup_stm32f407xx.o(.text)
    RCC_IRQHandler                           0x080001b7   Thumb Code     0  startup_stm32f407xx.o(.text)
    RTC_Alarm_IRQHandler                     0x080001b7   Thumb Code     0  startup_stm32f407xx.o(.text)
    RTC_WKUP_IRQHandler                      0x080001b7   Thumb Code     0  startup_stm32f407xx.o(.text)
    SPI1_IRQHandler                          0x080001b7   Thumb Code     0  startup_stm32f407xx.o(.text)
    SPI2_IRQHandler                          0x080001b7   Thumb Code     0  startup_stm32f407xx.o(.text)
    SPI3_IRQHandler                          0x080001b7   Thumb Code     0  startup_stm32f407xx.o(.text)
    TAMP_STAMP_IRQHandler                    0x080001b7   Thumb Code     0  startup_stm32f407xx.o(.text)
    TIM1_BRK_TIM9_IRQHandler                 0x080001b7   Thumb Code     0  startup_stm32f407xx.o(.text)
    TIM1_CC_IRQHandler                       0x080001b7   Thumb Code     0  startup_stm32f407xx.o(.text)
    TIM1_TRG_COM_TIM11_IRQHandler            0x080001b7   Thumb Code     0  startup_stm32f407xx.o(.text)
    TIM1_UP_TIM10_IRQHandler                 0x080001b7   Thumb Code     0  startup_stm32f407xx.o(.text)
    TIM2_IRQHandler                          0x080001b7   Thumb Code     0  startup_stm32f407xx.o(.text)
    TIM3_IRQHandler                          0x080001b7   Thumb Code     0  startup_stm32f407xx.o(.text)
    TIM4_IRQHandler                          0x080001b7   Thumb Code     0  startup_stm32f407xx.o(.text)
    TIM5_IRQHandler                          0x080001b7   Thumb Code     0  startup_stm32f407xx.o(.text)
    TIM6_DAC_IRQHandler                      0x080001b7   Thumb Code     0  startup_stm32f407xx.o(.text)
    TIM7_IRQHandler                          0x080001b7   Thumb Code     0  startup_stm32f407xx.o(.text)
    TIM8_BRK_TIM12_IRQHandler                0x080001b7   Thumb Code     0  startup_stm32f407xx.o(.text)
    TIM8_CC_IRQHandler                       0x080001b7   Thumb Code     0  startup_stm32f407xx.o(.text)
    TIM8_TRG_COM_TIM14_IRQHandler            0x080001b7   Thumb Code     0  startup_stm32f407xx.o(.text)
    TIM8_UP_TIM13_IRQHandler                 0x080001b7   Thumb Code     0  startup_stm32f407xx.o(.text)
    UART4_IRQHandler                         0x080001b7   Thumb Code     0  startup_stm32f407xx.o(.text)
    UART5_IRQHandler                         0x080001b7   Thumb Code     0  startup_stm32f407xx.o(.text)
    USART1_IRQHandler                        0x080001b7   Thumb Code     0  startup_stm32f407xx.o(.text)
    USART2_IRQHandler                        0x080001b7   Thumb Code     0  startup_stm32f407xx.o(.text)
    USART3_IRQHandler                        0x080001b7   Thumb Code     0  startup_stm32f407xx.o(.text)
    USART6_IRQHandler                        0x080001b7   Thumb Code     0  startup_stm32f407xx.o(.text)
    WWDG_IRQHandler                          0x080001b7   Thumb Code     0  startup_stm32f407xx.o(.text)
    __aeabi_uldivmod                         0x080001c1   Thumb Code    98  uldiv.o(.text)
    __aeabi_memcpy                           0x08000223   Thumb Code    36  memcpya.o(.text)
    __aeabi_memcpy4                          0x08000223   Thumb Code     0  memcpya.o(.text)
    __aeabi_memcpy8                          0x08000223   Thumb Code     0  memcpya.o(.text)
    __aeabi_llsl                             0x08000247   Thumb Code    30  llshl.o(.text)
    _ll_shift_l                              0x08000247   Thumb Code     0  llshl.o(.text)
    __aeabi_llsr                             0x08000265   Thumb Code    32  llushr.o(.text)
    _ll_ushift_r                             0x08000265   Thumb Code     0  llushr.o(.text)
    __scatterload                            0x08000285   Thumb Code    28  init.o(.text)
    __scatterload_rt2                        0x08000285   Thumb Code     0  init.o(.text)
    BSP_LED_Init                             0x080002a9   Thumb Code   104  stm324xg_eval.o(i.BSP_LED_Init)
    BSP_LED_On                               0x0800031d   Thumb Code    18  stm324xg_eval.o(i.BSP_LED_On)
    BSP_SD_AbortCallback                     0x08000339   Thumb Code     2  stm324xg_eval_sd.o(i.BSP_SD_AbortCallback)
    BSP_SD_GetCardInfo                       0x0800033d   Thumb Code     8  stm324xg_eval_sd.o(i.BSP_SD_GetCardInfo)
    BSP_SD_GetCardState                      0x08000349   Thumb Code    20  stm324xg_eval_sd.o(i.BSP_SD_GetCardState)
    BSP_SD_Init                              0x08000361   Thumb Code    72  stm324xg_eval_sd.o(i.BSP_SD_Init)
    BSP_SD_IsDetected                        0x080003b1   Thumb Code    30  stm324xg_eval_sd.o(i.BSP_SD_IsDetected)
    BSP_SD_MspInit                           0x080003d5   Thumb Code   342  stm324xg_eval_sd.o(i.BSP_SD_MspInit)
    BSP_SD_ReadBlocks                        0x08000545   Thumb Code    24  stm324xg_eval_sd.o(i.BSP_SD_ReadBlocks)
    BSP_SD_ReadCpltCallback                  0x08000561   Thumb Code     2  stm324xg_eval_sd.o(i.BSP_SD_ReadCpltCallback)
    BSP_SD_WriteBlocks                       0x08000565   Thumb Code    24  stm324xg_eval_sd.o(i.BSP_SD_WriteBlocks)
    BSP_SD_WriteCpltCallback                 0x08000581   Thumb Code     2  stm324xg_eval_sd.o(i.BSP_SD_WriteCpltCallback)
    BusFault_Handler                         0x08000583   Thumb Code     2  stm32f4xx_it.o(i.BusFault_Handler)
    DMA2_Stream3_IRQHandler                  0x08000585   Thumb Code     8  stm32f4xx_it.o(i.DMA2_Stream3_IRQHandler)
    DMA2_Stream6_IRQHandler                  0x08000591   Thumb Code     8  stm32f4xx_it.o(i.DMA2_Stream6_IRQHandler)
    DebugMon_Handler                         0x08000619   Thumb Code     2  stm32f4xx_it.o(i.DebugMon_Handler)
    FATFS_LinkDriver                         0x08000623   Thumb Code     6  ff_gen_drv.o(i.FATFS_LinkDriver)
    FATFS_LinkDriverEx                       0x08000629   Thumb Code    60  ff_gen_drv.o(i.FATFS_LinkDriverEx)
    FATFS_UnLinkDriver                       0x08000669   Thumb Code     6  ff_gen_drv.o(i.FATFS_UnLinkDriver)
    FATFS_UnLinkDriverEx                     0x08000671   Thumb Code    48  ff_gen_drv.o(i.FATFS_UnLinkDriverEx)
    HAL_DMA_Abort_IT                         0x080006a5   Thumb Code    36  stm32f4xx_hal_dma.o(i.HAL_DMA_Abort_IT)
    HAL_DMA_DeInit                           0x080006c9   Thumb Code    86  stm32f4xx_hal_dma.o(i.HAL_DMA_DeInit)
    HAL_DMA_IRQHandler                       0x08000721   Thumb Code   412  stm32f4xx_hal_dma.o(i.HAL_DMA_IRQHandler)
    HAL_DMA_Init                             0x080008c1   Thumb Code   206  stm32f4xx_hal_dma.o(i.HAL_DMA_Init)
    HAL_Delay                                0x08000995   Thumb Code    32  stm32f4xx_hal.o(i.HAL_Delay)
    HAL_GPIO_Init                            0x080009b9   Thumb Code   388  stm32f4xx_hal_gpio.o(i.HAL_GPIO_Init)
    HAL_GPIO_ReadPin                         0x08000b69   Thumb Code    10  stm32f4xx_hal_gpio.o(i.HAL_GPIO_ReadPin)
    HAL_GPIO_WritePin                        0x08000b73   Thumb Code    10  stm32f4xx_hal_gpio.o(i.HAL_GPIO_WritePin)
    HAL_GetREVID                             0x08000b7d   Thumb Code     8  stm32f4xx_hal.o(i.HAL_GetREVID)
    HAL_GetTick                              0x08000b89   Thumb Code     6  stm32f4xx_hal.o(i.HAL_GetTick)
    HAL_IncTick                              0x08000b95   Thumb Code    12  stm32f4xx_hal.o(i.HAL_IncTick)
    HAL_Init                                 0x08000ba5   Thumb Code    40  stm32f4xx_hal.o(i.HAL_Init)
    HAL_InitTick                             0x08000bd1   Thumb Code    54  stm32f4xx_hal.o(i.HAL_InitTick)
    HAL_MspInit                              0x08000c11   Thumb Code     2  stm32f4xx_hal.o(i.HAL_MspInit)
    HAL_NVIC_EnableIRQ                       0x08000c13   Thumb Code    26  stm32f4xx_hal_cortex.o(i.HAL_NVIC_EnableIRQ)
    HAL_NVIC_SetPriority                     0x08000c2d   Thumb Code    60  stm32f4xx_hal_cortex.o(i.HAL_NVIC_SetPriority)
    HAL_NVIC_SetPriorityGrouping             0x08000c6d   Thumb Code    26  stm32f4xx_hal_cortex.o(i.HAL_NVIC_SetPriorityGrouping)
    HAL_RCC_ClockConfig                      0x08000c91   Thumb Code   286  stm32f4xx_hal_rcc.o(i.HAL_RCC_ClockConfig)
    HAL_RCC_GetSysClockFreq                  0x08000dc1   Thumb Code    88  stm32f4xx_hal_rcc.o(i.HAL_RCC_GetSysClockFreq)
    HAL_RCC_OscConfig                        0x08000e25   Thumb Code   770  stm32f4xx_hal_rcc.o(i.HAL_RCC_OscConfig)
    HAL_SD_AbortCallback                     0x08001141   Thumb Code     8  stm324xg_eval_sd.o(i.HAL_SD_AbortCallback)
    HAL_SD_ConfigWideBusOperation            0x08001149   Thumb Code   120  stm32f4xx_hal_sd.o(i.HAL_SD_ConfigWideBusOperation)
    HAL_SD_ErrorCallback                     0x080011c1   Thumb Code     2  stm32f4xx_hal_sd.o(i.HAL_SD_ErrorCallback)
    HAL_SD_GetCardCSD                        0x080011c3   Thumb Code   474  stm32f4xx_hal_sd.o(i.HAL_SD_GetCardCSD)
    HAL_SD_GetCardInfo                       0x0800139d   Thumb Code    36  stm32f4xx_hal_sd.o(i.HAL_SD_GetCardInfo)
    HAL_SD_GetCardState                      0x080013c1   Thumb Code    44  stm32f4xx_hal_sd.o(i.HAL_SD_GetCardState)
    HAL_SD_IRQHandler                        0x080013ed   Thumb Code   438  stm32f4xx_hal_sd.o(i.HAL_SD_IRQHandler)
    HAL_SD_Init                              0x080015ad   Thumb Code    54  stm32f4xx_hal_sd.o(i.HAL_SD_Init)
    HAL_SD_InitCard                          0x080015e5   Thumb Code    80  stm32f4xx_hal_sd.o(i.HAL_SD_InitCard)
    HAL_SD_MspInit                           0x08001639   Thumb Code     2  stm32f4xx_hal_sd.o(i.HAL_SD_MspInit)
    HAL_SD_ReadBlocks                        0x0800163d   Thumb Code   434  stm32f4xx_hal_sd.o(i.HAL_SD_ReadBlocks)
    HAL_SD_RxCpltCallback                    0x080017ef   Thumb Code     8  stm324xg_eval_sd.o(i.HAL_SD_RxCpltCallback)
    HAL_SD_TxCpltCallback                    0x080017f7   Thumb Code     8  stm324xg_eval_sd.o(i.HAL_SD_TxCpltCallback)
    HAL_SD_WriteBlocks                       0x08001801   Thumb Code   410  stm32f4xx_hal_sd.o(i.HAL_SD_WriteBlocks)
    HAL_SYSTICK_Config                       0x0800199b   Thumb Code    40  stm32f4xx_hal_cortex.o(i.HAL_SYSTICK_Config)
    HardFault_Handler                        0x080019c3   Thumb Code     2  stm32f4xx_it.o(i.HardFault_Handler)
    MemManage_Handler                        0x080019c5   Thumb Code     2  stm32f4xx_it.o(i.MemManage_Handler)
    NMI_Handler                              0x080019c7   Thumb Code     2  stm32f4xx_it.o(i.NMI_Handler)
    PendSV_Handler                           0x080019c9   Thumb Code     2  stm32f4xx_it.o(i.PendSV_Handler)
    SDIO_ConfigData                          0x080019cb   Thumb Code    36  stm32f4xx_ll_sdmmc.o(i.SDIO_ConfigData)
    SDIO_GetPowerState                       0x080019ef   Thumb Code     8  stm32f4xx_ll_sdmmc.o(i.SDIO_GetPowerState)
    SDIO_GetResponse                         0x080019f7   Thumb Code    12  stm32f4xx_ll_sdmmc.o(i.SDIO_GetResponse)
    SDIO_IRQHandler                          0x08001a05   Thumb Code     6  stm32f4xx_it.o(i.SDIO_IRQHandler)
    SDIO_Init                                0x08001a11   Thumb Code    36  stm32f4xx_ll_sdmmc.o(i.SDIO_Init)
    SDIO_PowerState_ON                       0x08001a35   Thumb Code     8  stm32f4xx_ll_sdmmc.o(i.SDIO_PowerState_ON)
    SDIO_ReadFIFO                            0x08001a3d   Thumb Code     6  stm32f4xx_ll_sdmmc.o(i.SDIO_ReadFIFO)
    SDIO_SendCommand                         0x08001a43   Thumb Code    32  stm32f4xx_ll_sdmmc.o(i.SDIO_SendCommand)
    SDIO_WriteFIFO                           0x08001a63   Thumb Code    10  stm32f4xx_ll_sdmmc.o(i.SDIO_WriteFIFO)
    SDMMC_CmdAppCommand                      0x08001a6d   Thumb Code    50  stm32f4xx_ll_sdmmc.o(i.SDMMC_CmdAppCommand)
    SDMMC_CmdAppOperCommand                  0x08001aa1   Thumb Code    48  stm32f4xx_ll_sdmmc.o(i.SDMMC_CmdAppOperCommand)
    SDMMC_CmdBlockLength                     0x08001ad5   Thumb Code    50  stm32f4xx_ll_sdmmc.o(i.SDMMC_CmdBlockLength)
    SDMMC_CmdBusWidth                        0x08001b07   Thumb Code    50  stm32f4xx_ll_sdmmc.o(i.SDMMC_CmdBusWidth)
    SDMMC_CmdGoIdleState                     0x08001b39   Thumb Code    76  stm32f4xx_ll_sdmmc.o(i.SDMMC_CmdGoIdleState)
    SDMMC_CmdOperCond                        0x08001b89   Thumb Code    98  stm32f4xx_ll_sdmmc.o(i.SDMMC_CmdOperCond)
    SDMMC_CmdReadMultiBlock                  0x08001bf1   Thumb Code    50  stm32f4xx_ll_sdmmc.o(i.SDMMC_CmdReadMultiBlock)
    SDMMC_CmdReadSingleBlock                 0x08001c23   Thumb Code    50  stm32f4xx_ll_sdmmc.o(i.SDMMC_CmdReadSingleBlock)
    SDMMC_CmdSelDesel                        0x08001c55   Thumb Code    50  stm32f4xx_ll_sdmmc.o(i.SDMMC_CmdSelDesel)
    SDMMC_CmdSendCID                         0x08001c87   Thumb Code    44  stm32f4xx_ll_sdmmc.o(i.SDMMC_CmdSendCID)
    SDMMC_CmdSendCSD                         0x08001cb3   Thumb Code    44  stm32f4xx_ll_sdmmc.o(i.SDMMC_CmdSendCSD)
    SDMMC_CmdSendSCR                         0x08001cdf   Thumb Code    48  stm32f4xx_ll_sdmmc.o(i.SDMMC_CmdSendSCR)
    SDMMC_CmdSendStatus                      0x08001d0f   Thumb Code    50  stm32f4xx_ll_sdmmc.o(i.SDMMC_CmdSendStatus)
    SDMMC_CmdSetRelAdd                       0x08001d41   Thumb Code    48  stm32f4xx_ll_sdmmc.o(i.SDMMC_CmdSetRelAdd)
    SDMMC_CmdStopTransfer                    0x08001d71   Thumb Code    46  stm32f4xx_ll_sdmmc.o(i.SDMMC_CmdStopTransfer)
    SDMMC_CmdWriteMultiBlock                 0x08001da5   Thumb Code    50  stm32f4xx_ll_sdmmc.o(i.SDMMC_CmdWriteMultiBlock)
    SDMMC_CmdWriteSingleBlock                0x08001dd7   Thumb Code    50  stm32f4xx_ll_sdmmc.o(i.SDMMC_CmdWriteSingleBlock)
    SD_initialize                            0x080023e1   Thumb Code    28  sd_diskio.o(i.SD_initialize)
    SD_ioctl                                 0x08002401   Thumb Code    76  sd_diskio.o(i.SD_ioctl)
    SD_read                                  0x08002451   Thumb Code    38  sd_diskio.o(i.SD_read)
    SD_status                                0x08002477   Thumb Code     4  sd_diskio.o(i.SD_status)
    SD_write                                 0x0800247d   Thumb Code    38  sd_diskio.o(i.SD_write)
    SVC_Handler                              0x080024a3   Thumb Code     2  stm32f4xx_it.o(i.SVC_Handler)
    SysTick_Handler                          0x080024a5   Thumb Code     4  stm32f4xx_it.o(i.SysTick_Handler)
    SystemInit                               0x08002539   Thumb Code    66  system_stm32f4xx.o(i.SystemInit)
    UsageFault_Handler                       0x0800258d   Thumb Code     2  stm32f4xx_it.o(i.UsageFault_Handler)
    __scatterload_copy                       0x080025af   Thumb Code    14  handlers.o(i.__scatterload_copy)
    __scatterload_null                       0x080025bd   Thumb Code     2  handlers.o(i.__scatterload_null)
    __scatterload_zeroinit                   0x080025bf   Thumb Code    14  handlers.o(i.__scatterload_zeroinit)
    disk_initialize                          0x08002ac9   Thumb Code    36  diskio.o(i.disk_initialize)
    disk_ioctl                               0x08002af1   Thumb Code    24  diskio.o(i.disk_ioctl)
    disk_read                                0x08002b0d   Thumb Code    24  diskio.o(i.disk_read)
    disk_status                              0x08002b29   Thumb Code    18  diskio.o(i.disk_status)
    disk_write                               0x08002b41   Thumb Code    24  diskio.o(i.disk_write)
    f_close                                  0x08002b5d   Thumb Code    40  ff.o(i.f_close)
    f_mkfs                                   0x08002b85   Thumb Code  1352  ff.o(i.f_mkfs)
    f_mount                                  0x080030d1   Thumb Code    84  ff.o(i.f_mount)
    f_open                                   0x08003129   Thumb Code   520  ff.o(i.f_open)
    f_read                                   0x08003335   Thumb Code   338  ff.o(i.f_read)
    f_sync                                   0x08003487   Thumb Code   142  ff.o(i.f_sync)
    f_write                                  0x08003515   Thumb Code   398  ff.o(i.f_write)
    get_fattime                              0x08003a2b   Thumb Code     4  diskio.o(i.get_fattime)
    main                                     0x08003b35   Thumb Code   174  main.o(i.main)
    AHBPrescTable                            0x08003f28   Data          16  system_stm32f4xx.o(.constdata)
    COM_TX_PIN                               0x08003fd4   Data           2  stm324xg_eval.o(.constdata)
    COM_RX_PIN                               0x08003fd6   Data           2  stm324xg_eval.o(.constdata)
    COM_TX_AF                                0x08003fd8   Data           2  stm324xg_eval.o(.constdata)
    COM_RX_AF                                0x08003fda   Data           2  stm324xg_eval.o(.constdata)
    BUTTON_PIN                               0x08003fdc   Data           6  stm324xg_eval.o(.constdata)
    BUTTON_IRQn                              0x08003fe2   Data           6  stm324xg_eval.o(.constdata)
    GPIO_PIN                                 0x08003fe8   Data           8  stm324xg_eval.o(.constdata)
    SD_Driver                                0x08003ff8   Data          20  sd_diskio.o(.constdata)
    Region$$Table$$Base                      0x0800400c   Number         0  anon$$obj.o(Region$$Table)
    Region$$Table$$Limit                     0x0800402c   Number         0  anon$$obj.o(Region$$Table)
    SystemCoreClock                          0x20000000   Data           4  system_stm32f4xx.o(.data)
    COM_USART                                0x20000014   Data           4  stm324xg_eval.o(.data)
    COM_TX_PORT                              0x20000018   Data           4  stm324xg_eval.o(.data)
    COM_RX_PORT                              0x2000001c   Data           4  stm324xg_eval.o(.data)
    GPIO_PORT                                0x20000020   Data          16  stm324xg_eval.o(.data)
    BUTTON_PORT                              0x20000030   Data          12  stm324xg_eval.o(.data)
    uwTickFreq                               0x2000003c   Data           1  stm32f4xx_hal.o(.data)
    uwTickPrio                               0x20000040   Data           4  stm32f4xx_hal.o(.data)
    uwTick                                   0x20000044   Data           4  stm32f4xx_hal.o(.data)
    SDPath                                   0x20000049   Data           4  main.o(.data)
    disk                                     0x20000050   Data          16  ff_gen_drv.o(.bss)
    uSdHandle                                0x20000140   Data         132  stm324xg_eval_sd.o(.bss)
    SDFatFs                                  0x200001c4   Data         560  main.o(.bss)
    MyFile                                   0x200003f4   Data         560  main.o(.bss)
    __initial_sp                             0x20001028   Data           0  startup_stm32f407xx.o(STACK)



==============================================================================

Memory Map of the image

  Image Entry point : 0x08000189

  Load Region LR_IROM1 (Base: 0x08000000, Size: 0x0000407c, Max: 0x00100000, ABSOLUTE)

    Execution Region ER_IROM1 (Base: 0x08000000, Size: 0x0000402c, Max: 0x00100000, ABSOLUTE)

    Base Addr    Size         Type   Attr      Idx    E Section Name        Object

    0x08000000   0x00000188   Data   RO         1007    RESET               startup_stm32f407xx.o
    0x08000188   0x00000000   Code   RO         3826  * .ARM.Collect$$$$00000000  mc_w.l(entry.o)
    0x08000188   0x00000004   Code   RO         3835    .ARM.Collect$$$$00000001  mc_w.l(entry2.o)
    0x0800018c   0x00000004   Code   RO         3838    .ARM.Collect$$$$00000004  mc_w.l(entry5.o)
    0x08000190   0x00000000   Code   RO         3840    .ARM.Collect$$$$00000008  mc_w.l(entry7b.o)
    0x08000190   0x00000000   Code   RO         3842    .ARM.Collect$$$$0000000A  mc_w.l(entry8b.o)
    0x08000190   0x00000008   Code   RO         3843    .ARM.Collect$$$$0000000B  mc_w.l(entry9a.o)
    0x08000198   0x00000000   Code   RO         3845    .ARM.Collect$$$$0000000D  mc_w.l(entry10a.o)
    0x08000198   0x00000000   Code   RO         3847    .ARM.Collect$$$$0000000F  mc_w.l(entry11a.o)
    0x08000198   0x00000004   Code   RO         3836    .ARM.Collect$$$$00002712  mc_w.l(entry2.o)
    0x0800019c   0x00000024   Code   RO         1008    .text               startup_stm32f407xx.o
    0x080001c0   0x00000062   Code   RO         3829    .text               mc_w.l(uldiv.o)
    0x08000222   0x00000024   Code   RO         3831    .text               mc_w.l(memcpya.o)
    0x08000246   0x0000001e   Code   RO         3849    .text               mc_w.l(llshl.o)
    0x08000264   0x00000020   Code   RO         3851    .text               mc_w.l(llushr.o)
    0x08000284   0x00000024   Code   RO         3853    .text               mc_w.l(init.o)
    0x080002a8   0x00000074   Code   RO          530    i.BSP_LED_Init      stm324xg_eval.o
    0x0800031c   0x0000001c   Code   RO          532    i.BSP_LED_On        stm324xg_eval.o
    0x08000338   0x00000002   Code   RO          870    i.BSP_SD_AbortCallback  stm324xg_eval_sd.o
    0x0800033a   0x00000002   PAD
    0x0800033c   0x0000000c   Code   RO          874    i.BSP_SD_GetCardInfo  stm324xg_eval_sd.o
    0x08000348   0x00000018   Code   RO          875    i.BSP_SD_GetCardState  stm324xg_eval_sd.o
    0x08000360   0x00000050   Code   RO          877    i.BSP_SD_Init       stm324xg_eval_sd.o
    0x080003b0   0x00000024   Code   RO          878    i.BSP_SD_IsDetected  stm324xg_eval_sd.o
    0x080003d4   0x00000170   Code   RO          879    i.BSP_SD_MspInit    stm324xg_eval_sd.o
    0x08000544   0x0000001c   Code   RO          880    i.BSP_SD_ReadBlocks  stm324xg_eval_sd.o
    0x08000560   0x00000002   Code   RO          882    i.BSP_SD_ReadCpltCallback  stm324xg_eval_sd.o
    0x08000562   0x00000002   PAD
    0x08000564   0x0000001c   Code   RO          883    i.BSP_SD_WriteBlocks  stm324xg_eval_sd.o
    0x08000580   0x00000002   Code   RO          885    i.BSP_SD_WriteCpltCallback  stm324xg_eval_sd.o
    0x08000582   0x00000002   Code   RO         3735    i.BusFault_Handler  stm32f4xx_it.o
    0x08000584   0x0000000c   Code   RO         3736    i.DMA2_Stream3_IRQHandler  stm32f4xx_it.o
    0x08000590   0x0000000c   Code   RO         3737    i.DMA2_Stream6_IRQHandler  stm32f4xx_it.o
    0x0800059c   0x00000028   Code   RO         1966    i.DMA_CalcBaseAndBitshift  stm32f4xx_hal_dma.o
    0x080005c4   0x00000054   Code   RO         1967    i.DMA_CheckFifoParam  stm32f4xx_hal_dma.o
    0x08000618   0x00000002   Code   RO         3738    i.DebugMon_Handler  stm32f4xx_it.o
    0x0800061a   0x00000008   Code   RO         3687    i.Error_Handler     main.o
    0x08000622   0x00000006   Code   RO          141    i.FATFS_LinkDriver  ff_gen_drv.o
    0x08000628   0x00000040   Code   RO          142    i.FATFS_LinkDriverEx  ff_gen_drv.o
    0x08000668   0x00000006   Code   RO          143    i.FATFS_UnLinkDriver  ff_gen_drv.o
    0x0800066e   0x00000002   PAD
    0x08000670   0x00000034   Code   RO          144    i.FATFS_UnLinkDriverEx  ff_gen_drv.o
    0x080006a4   0x00000024   Code   RO         1970    i.HAL_DMA_Abort_IT  stm32f4xx_hal_dma.o
    0x080006c8   0x00000056   Code   RO         1971    i.HAL_DMA_DeInit    stm32f4xx_hal_dma.o
    0x0800071e   0x00000002   PAD
    0x08000720   0x000001a0   Code   RO         1974    i.HAL_DMA_IRQHandler  stm32f4xx_hal_dma.o
    0x080008c0   0x000000d4   Code   RO         1975    i.HAL_DMA_Init      stm32f4xx_hal_dma.o
    0x08000994   0x00000024   Code   RO         2529    i.HAL_Delay         stm32f4xx_hal.o
    0x080009b8   0x000001b0   Code   RO         2075    i.HAL_GPIO_Init     stm32f4xx_hal_gpio.o
    0x08000b68   0x0000000a   Code   RO         2077    i.HAL_GPIO_ReadPin  stm32f4xx_hal_gpio.o
    0x08000b72   0x0000000a   Code   RO         2079    i.HAL_GPIO_WritePin  stm32f4xx_hal_gpio.o
    0x08000b7c   0x0000000c   Code   RO         2534    i.HAL_GetREVID      stm32f4xx_hal.o
    0x08000b88   0x0000000c   Code   RO         2535    i.HAL_GetTick       stm32f4xx_hal.o
    0x08000b94   0x00000010   Code   RO         2539    i.HAL_IncTick       stm32f4xx_hal.o
    0x08000ba4   0x0000002c   Code   RO         2540    i.HAL_Init          stm32f4xx_hal.o
    0x08000bd0   0x00000040   Code   RO         2541    i.HAL_InitTick      stm32f4xx_hal.o
    0x08000c10   0x00000002   Code   RO         2543    i.HAL_MspInit       stm32f4xx_hal.o
    0x08000c12   0x0000001a   Code   RO         2942    i.HAL_NVIC_EnableIRQ  stm32f4xx_hal_cortex.o
    0x08000c2c   0x00000040   Code   RO         2948    i.HAL_NVIC_SetPriority  stm32f4xx_hal_cortex.o
    0x08000c6c   0x00000024   Code   RO         2949    i.HAL_NVIC_SetPriorityGrouping  stm32f4xx_hal_cortex.o
    0x08000c90   0x00000130   Code   RO         1034    i.HAL_RCC_ClockConfig  stm32f4xx_hal_rcc.o
    0x08000dc0   0x00000064   Code   RO         1043    i.HAL_RCC_GetSysClockFreq  stm32f4xx_hal_rcc.o
    0x08000e24   0x0000031c   Code   RO         1046    i.HAL_RCC_OscConfig  stm32f4xx_hal_rcc.o
    0x08001140   0x00000008   Code   RO          886    i.HAL_SD_AbortCallback  stm324xg_eval_sd.o
    0x08001148   0x00000078   Code   RO         1716    i.HAL_SD_ConfigWideBusOperation  stm32f4xx_hal_sd.o
    0x080011c0   0x00000002   Code   RO         1719    i.HAL_SD_ErrorCallback  stm32f4xx_hal_sd.o
    0x080011c2   0x000001da   Code   RO         1721    i.HAL_SD_GetCardCSD  stm32f4xx_hal_sd.o
    0x0800139c   0x00000024   Code   RO         1722    i.HAL_SD_GetCardInfo  stm32f4xx_hal_sd.o
    0x080013c0   0x0000002c   Code   RO         1723    i.HAL_SD_GetCardState  stm32f4xx_hal_sd.o
    0x080013ec   0x000001c0   Code   RO         1727    i.HAL_SD_IRQHandler  stm32f4xx_hal_sd.o
    0x080015ac   0x00000036   Code   RO         1728    i.HAL_SD_Init       stm32f4xx_hal_sd.o
    0x080015e2   0x00000002   PAD
    0x080015e4   0x00000054   Code   RO         1729    i.HAL_SD_InitCard   stm32f4xx_hal_sd.o
    0x08001638   0x00000002   Code   RO         1731    i.HAL_SD_MspInit    stm32f4xx_hal_sd.o
    0x0800163a   0x00000002   PAD
    0x0800163c   0x000001b2   Code   RO         1732    i.HAL_SD_ReadBlocks  stm32f4xx_hal_sd.o
    0x080017ee   0x00000008   Code   RO          887    i.HAL_SD_RxCpltCallback  stm324xg_eval_sd.o
    0x080017f6   0x00000008   Code   RO          888    i.HAL_SD_TxCpltCallback  stm324xg_eval_sd.o
    0x080017fe   0x00000002   PAD
    0x08001800   0x0000019a   Code   RO         1737    i.HAL_SD_WriteBlocks  stm32f4xx_hal_sd.o
    0x0800199a   0x00000028   Code   RO         2953    i.HAL_SYSTICK_Config  stm32f4xx_hal_cortex.o
    0x080019c2   0x00000002   Code   RO         3739    i.HardFault_Handler  stm32f4xx_it.o
    0x080019c4   0x00000002   Code   RO         3740    i.MemManage_Handler  stm32f4xx_it.o
    0x080019c6   0x00000002   Code   RO         3741    i.NMI_Handler       stm32f4xx_it.o
    0x080019c8   0x00000002   Code   RO         3742    i.PendSV_Handler    stm32f4xx_it.o
    0x080019ca   0x00000024   Code   RO         2258    i.SDIO_ConfigData   stm32f4xx_ll_sdmmc.o
    0x080019ee   0x00000008   Code   RO         2262    i.SDIO_GetPowerState  stm32f4xx_ll_sdmmc.o
    0x080019f6   0x0000000c   Code   RO         2263    i.SDIO_GetResponse  stm32f4xx_ll_sdmmc.o
    0x08001a02   0x00000002   PAD
    0x08001a04   0x0000000c   Code   RO         3743    i.SDIO_IRQHandler   stm32f4xx_it.o
    0x08001a10   0x00000024   Code   RO         2264    i.SDIO_Init         stm32f4xx_ll_sdmmc.o
    0x08001a34   0x00000008   Code   RO         2266    i.SDIO_PowerState_ON  stm32f4xx_ll_sdmmc.o
    0x08001a3c   0x00000006   Code   RO         2267    i.SDIO_ReadFIFO     stm32f4xx_ll_sdmmc.o
    0x08001a42   0x00000020   Code   RO         2268    i.SDIO_SendCommand  stm32f4xx_ll_sdmmc.o
    0x08001a62   0x0000000a   Code   RO         2270    i.SDIO_WriteFIFO    stm32f4xx_ll_sdmmc.o
    0x08001a6c   0x00000032   Code   RO         2271    i.SDMMC_CmdAppCommand  stm32f4xx_ll_sdmmc.o
    0x08001a9e   0x00000002   PAD
    0x08001aa0   0x00000034   Code   RO         2272    i.SDMMC_CmdAppOperCommand  stm32f4xx_ll_sdmmc.o
    0x08001ad4   0x00000032   Code   RO         2273    i.SDMMC_CmdBlockLength  stm32f4xx_ll_sdmmc.o
    0x08001b06   0x00000032   Code   RO         2274    i.SDMMC_CmdBusWidth  stm32f4xx_ll_sdmmc.o
    0x08001b38   0x00000050   Code   RO         2278    i.SDMMC_CmdGoIdleState  stm32f4xx_ll_sdmmc.o
    0x08001b88   0x00000068   Code   RO         2280    i.SDMMC_CmdOperCond  stm32f4xx_ll_sdmmc.o
    0x08001bf0   0x00000032   Code   RO         2281    i.SDMMC_CmdReadMultiBlock  stm32f4xx_ll_sdmmc.o
    0x08001c22   0x00000032   Code   RO         2282    i.SDMMC_CmdReadSingleBlock  stm32f4xx_ll_sdmmc.o
    0x08001c54   0x00000032   Code   RO         2285    i.SDMMC_CmdSelDesel  stm32f4xx_ll_sdmmc.o
    0x08001c86   0x0000002c   Code   RO         2286    i.SDMMC_CmdSendCID  stm32f4xx_ll_sdmmc.o
    0x08001cb2   0x0000002c   Code   RO         2287    i.SDMMC_CmdSendCSD  stm32f4xx_ll_sdmmc.o
    0x08001cde   0x00000030   Code   RO         2288    i.SDMMC_CmdSendSCR  stm32f4xx_ll_sdmmc.o
    0x08001d0e   0x00000032   Code   RO         2289    i.SDMMC_CmdSendStatus  stm32f4xx_ll_sdmmc.o
    0x08001d40   0x00000030   Code   RO         2290    i.SDMMC_CmdSetRelAdd  stm32f4xx_ll_sdmmc.o
    0x08001d70   0x00000034   Code   RO         2292    i.SDMMC_CmdStopTransfer  stm32f4xx_ll_sdmmc.o
    0x08001da4   0x00000032   Code   RO         2294    i.SDMMC_CmdWriteMultiBlock  stm32f4xx_ll_sdmmc.o
    0x08001dd6   0x00000032   Code   RO         2295    i.SDMMC_CmdWriteSingleBlock  stm32f4xx_ll_sdmmc.o
    0x08001e08   0x0000011c   Code   RO         2296    i.SDMMC_GetCmdResp1  stm32f4xx_ll_sdmmc.o
    0x08001f24   0x00000050   Code   RO         2297    i.SDMMC_GetCmdResp2  stm32f4xx_ll_sdmmc.o
    0x08001f74   0x00000040   Code   RO         2298    i.SDMMC_GetCmdResp3  stm32f4xx_ll_sdmmc.o
    0x08001fb4   0x00000084   Code   RO         2299    i.SDMMC_GetCmdResp6  stm32f4xx_ll_sdmmc.o
    0x08002038   0x00000020   Code   RO         3398    i.SD_CheckStatus    sd_diskio.o
    0x08002058   0x00000048   Code   RO         1742    i.SD_DMARxAbort     stm32f4xx_hal_sd.o
    0x080020a0   0x00000048   Code   RO         1744    i.SD_DMATxAbort     stm32f4xx_hal_sd.o
    0x080020e8   0x000000d4   Code   RO         1745    i.SD_FindSCR        stm32f4xx_hal_sd.o
    0x080021bc   0x000000e6   Code   RO         1746    i.SD_InitCard       stm32f4xx_hal_sd.o
    0x080022a2   0x000000a2   Code   RO         1747    i.SD_PowerON        stm32f4xx_hal_sd.o
    0x08002344   0x0000004e   Code   RO         1749    i.SD_WideBus_Disable  stm32f4xx_hal_sd.o
    0x08002392   0x0000004e   Code   RO         1750    i.SD_WideBus_Enable  stm32f4xx_hal_sd.o
    0x080023e0   0x00000020   Code   RO         3399    i.SD_initialize     sd_diskio.o
    0x08002400   0x00000050   Code   RO         3400    i.SD_ioctl          sd_diskio.o
    0x08002450   0x00000026   Code   RO         3401    i.SD_read           sd_diskio.o
    0x08002476   0x00000004   Code   RO         3402    i.SD_status         sd_diskio.o
    0x0800247a   0x00000002   PAD
    0x0800247c   0x00000026   Code   RO         3403    i.SD_write          sd_diskio.o
    0x080024a2   0x00000002   Code   RO         3744    i.SVC_Handler       stm32f4xx_it.o
    0x080024a4   0x00000004   Code   RO         3745    i.SysTick_Handler   stm32f4xx_it.o
    0x080024a8   0x00000090   Code   RO         3688    i.SystemClock_Config  main.o
    0x08002538   0x00000054   Code   RO            5    i.SystemInit        system_stm32f4xx.o
    0x0800258c   0x00000002   Code   RO         3746    i.UsageFault_Handler  stm32f4xx_it.o
    0x0800258e   0x00000020   Code   RO         2955    i.__NVIC_SetPriority  stm32f4xx_hal_cortex.o
    0x080025ae   0x0000000e   Code   RO         3857    i.__scatterload_copy  mc_w.l(handlers.o)
    0x080025bc   0x00000002   Code   RO         3858    i.__scatterload_null  mc_w.l(handlers.o)
    0x080025be   0x0000000e   Code   RO         3859    i.__scatterload_zeroinit  mc_w.l(handlers.o)
    0x080025cc   0x00000070   Code   RO          194    i.check_fs          ff.o
    0x0800263c   0x0000005c   Code   RO          195    i.chk_lock          ff.o
    0x08002698   0x00000020   Code   RO          196    i.clear_lock        ff.o
    0x080026b8   0x00000024   Code   RO          197    i.clmt_clust        ff.o
    0x080026dc   0x00000018   Code   RO          198    i.clust2sect        ff.o
    0x080026f4   0x000000a4   Code   RO          199    i.create_chain      ff.o
    0x08002798   0x000000bc   Code   RO          200    i.create_name       ff.o
    0x08002854   0x00000034   Code   RO          201    i.dec_lock          ff.o
    0x08002888   0x00000064   Code   RO          202    i.dir_find          ff.o
    0x080028ec   0x000000f4   Code   RO          203    i.dir_next          ff.o
    0x080029e0   0x00000066   Code   RO          205    i.dir_register      ff.o
    0x08002a46   0x00000082   Code   RO          207    i.dir_sdi           ff.o
    0x08002ac8   0x00000028   Code   RO          476    i.disk_initialize   diskio.o
    0x08002af0   0x0000001c   Code   RO          477    i.disk_ioctl        diskio.o
    0x08002b0c   0x0000001c   Code   RO          478    i.disk_read         diskio.o
    0x08002b28   0x00000018   Code   RO          479    i.disk_status       diskio.o
    0x08002b40   0x0000001c   Code   RO          480    i.disk_write        diskio.o
    0x08002b5c   0x00000028   Code   RO          208    i.f_close           ff.o
    0x08002b84   0x0000054c   Code   RO          213    i.f_mkfs            ff.o
    0x080030d0   0x00000058   Code   RO          214    i.f_mount           ff.o
    0x08003128   0x0000020c   Code   RO          215    i.f_open            ff.o
    0x08003334   0x00000152   Code   RO          217    i.f_read            ff.o
    0x08003486   0x0000008e   Code   RO          221    i.f_sync            ff.o
    0x08003514   0x0000018e   Code   RO          224    i.f_write           ff.o
    0x080036a2   0x00000002   PAD
    0x080036a4   0x00000254   Code   RO          225    i.find_volume       ff.o
    0x080038f8   0x00000074   Code   RO          226    i.follow_path       ff.o
    0x0800396c   0x000000be   Code   RO          227    i.get_fat           ff.o
    0x08003a2a   0x00000004   Code   RO          481    i.get_fattime       diskio.o
    0x08003a2e   0x0000003c   Code   RO          229    i.get_ldnumber      ff.o
    0x08003a6a   0x00000002   PAD
    0x08003a6c   0x00000080   Code   RO          230    i.inc_lock          ff.o
    0x08003aec   0x00000026   Code   RO          231    i.ld_clust          ff.o
    0x08003b12   0x00000016   Code   RO          232    i.ld_dword          ff.o
    0x08003b28   0x0000000a   Code   RO          233    i.ld_word           ff.o
    0x08003b32   0x00000002   PAD
    0x08003b34   0x000000f4   Code   RO         3689    i.main              main.o
    0x08003c28   0x00000012   Code   RO          234    i.mem_cpy           ff.o
    0x08003c3a   0x00000002   PAD
    0x08003c3c   0x0000000e   Code   RO          235    i.mem_set           ff.o
    0x08003c4a   0x00000032   Code   RO          236    i.move_window       ff.o
    0x08003c7c   0x000000ea   Code   RO          237    i.put_fat           ff.o
    0x08003d66   0x00000074   Code   RO          238    i.remove_chain      ff.o
    0x08003dda   0x00000028   Code   RO          239    i.st_clust          ff.o
    0x08003e02   0x00000010   Code   RO          240    i.st_dword          ff.o
    0x08003e12   0x00000008   Code   RO          241    i.st_word           ff.o
    0x08003e1a   0x00000002   PAD
    0x08003e1c   0x00000088   Code   RO          242    i.sync_fs           ff.o
    0x08003ea4   0x00000052   Code   RO          243    i.sync_window       ff.o
    0x08003ef6   0x00000032   Code   RO          244    i.validate          ff.o
    0x08003f28   0x00000010   Data   RO            6    .constdata          system_stm32f4xx.o
    0x08003f38   0x0000009c   Data   RO          246    .constdata          ff.o
    0x08003fd4   0x0000001c   Data   RO          565    .constdata          stm324xg_eval.o
    0x08003ff0   0x00000008   Data   RO         1981    .constdata          stm32f4xx_hal_dma.o
    0x08003ff8   0x00000014   Data   RO         3404    .constdata          sd_diskio.o
    0x0800400c   0x00000020   Data   RO         3855    Region$$Table       anon$$obj.o


    Execution Region RW_IRAM1 (Base: 0x20000000, Size: 0x00001028, Max: 0x00020000, ABSOLUTE)

    Base Addr    Size         Type   Attr      Idx    E Section Name        Object

    0x20000000   0x00000004   Data   RW            8    .data               system_stm32f4xx.o
    0x20000004   0x0000000c   Data   RW          247    .data               ff.o
    0x20000010   0x0000002c   Data   RW          566    .data               stm324xg_eval.o
    0x2000003c   0x0000000c   Data   RW         2547    .data               stm32f4xx_hal.o
    0x20000048   0x00000001   Data   RW         3405    .data               sd_diskio.o
    0x20000049   0x00000004   Data   RW         3691    .data               main.o
    0x2000004d   0x00000003   PAD
    0x20000050   0x00000010   Zero   RW          145    .bss                ff_gen_drv.o
    0x20000060   0x00000020   Zero   RW          245    .bss                ff.o
    0x20000080   0x00000144   Zero   RW          889    .bss                stm324xg_eval_sd.o
    0x200001c4   0x00000660   Zero   RW         3690    .bss                main.o
    0x20000824   0x00000004   PAD
    0x20000828   0x00000800   Zero   RW         1005    STACK               startup_stm32f407xx.o


==============================================================================

Image component sizes


      Code (inc. data)   RO Data    RW Data    ZI Data      Debug   Object Name

       152         22          0          0          0       4927   diskio.o
      6086        156        156         12         32      43014   ff.o
       128          8          0          0         16       8143   ff_gen_drv.o
       396         82          0          4       1632       5003   main.o
       224         14         20          1          0       4892   sd_diskio.o
        36          8        392          0       2048        868   startup_stm32f407xx.o
       144         22         28         44          0       9658   stm324xg_eval.o
       606         56          0          0        324      10238   stm324xg_eval_sd.o
       186         32          0         12          0       6450   stm32f4xx_hal.o
       198         14          0          0          0      34195   stm32f4xx_hal_cortex.o
       874         16          8          0          0       6132   stm32f4xx_hal_dma.o
       452         44          0          0          0       3479   stm32f4xx_hal_gpio.o
      1200         56          0          0          0       4350   stm32f4xx_hal_rcc.o
      3012         14          0          0          0      18708   stm32f4xx_hal_sd.o
        56         14          0          0          0       6236   stm32f4xx_it.o
      1630         42          0          0          0      25563   stm32f4xx_ll_sdmmc.o
        84         18         16          4          0     698419   system_stm32f4xx.o

    ----------------------------------------------------------------------
     15494        618        652         80       4056     890275   Object Totals
         0          0         32          0          0          0   (incl. Generated)
        30          0          0          3          4          0   (incl. Padding)

    ----------------------------------------------------------------------

      Code (inc. data)   RO Data    RW Data    ZI Data      Debug   Library Member Name

         0          0          0          0          0          0   entry.o
         0          0          0          0          0          0   entry10a.o
         0          0          0          0          0          0   entry11a.o
         8          4          0          0          0          0   entry2.o
         4          0          0          0          0          0   entry5.o
         0          0          0          0          0          0   entry7b.o
         0          0          0          0          0          0   entry8b.o
         8          4          0          0          0          0   entry9a.o
        30          0          0          0          0          0   handlers.o
        36          8          0          0          0         68   init.o
        30          0          0          0          0         68   llshl.o
        32          0          0          0          0         68   llushr.o
        36          0          0          0          0         68   memcpya.o
        98          0          0          0          0         92   uldiv.o

    ----------------------------------------------------------------------
       282         16          0          0          0        364   Library Totals
         0          0          0          0          0          0   (incl. Padding)

    ----------------------------------------------------------------------

      Code (inc. data)   RO Data    RW Data    ZI Data      Debug   Library Name

       282         16          0          0          0        364   mc_w.l

    ----------------------------------------------------------------------
       282         16          0          0          0        364   Library Totals

    ----------------------------------------------------------------------

==============================================================================


      Code (inc. data)   RO Data    RW Data    ZI Data      Debug   

     15776        634        652         80       4056     875939   Grand Totals
     15776        634        652         80       4056     875939   ELF Image Totals
     15776        634        652         80          0          0   ROM Totals

==============================================================================

    Total RO  Size (Code + RO Data)                16428 (  16.04kB)
    Total RW  Size (RW Data + ZI Data)              4136 (   4.04kB)
    Total ROM Size (Code + RO Data + RW Data)      16508 (  16.12kB)

==============================================================================

