<html>
<body>
<pre>
<h1>µVision Build Log</h1>
<h2>Tool Versions:</h2>
IDE-Version: µVision V5.23.0.0
Copyright (C) 2017 ARM Ltd and ARM Germany GmbH. All rights reserved.
License Information: p patri, p, LIC=----
 
Tool Versions:
Toolchain:       MDK-Lite  Version: 5.23
Toolchain Path:  C:\Keil_v5\ARM\ARMCC\Bin
C Compiler:      Armcc.exe V5.06 update 4 (build 422)
Assembler:       Armasm.exe V5.06 update 4 (build 422)
Linker/Locator:  ArmLink.exe V5.06 update 4 (build 422)
Library Manager: ArmAr.exe V5.06 update 4 (build 422)
Hex Converter:   FromElf.exe V5.06 update 4 (build 422)
CPU DLL:         SARMCM3.DLL V5.23
Dialog DLL:      DCM.DLL V1.15.0.0
Target DLL:      STLink\ST-LINKIII-KEIL_SWO.dll V2.0.18.0
Dialog DLL:      TCM.DLL V1.27.0.0
 
<h2>Project:</h2>
C:\Users\patri\Documents\STM32Cube_FW_F4_V1.21.0\Projects\STM324xG_EVAL\Applications\FatFs\FatFs_uSD\MDK-ARM\Project.uvprojx
Project File Date:  02/23/2018

<h2>Output:</h2>
*** Using Compiler 'V5.06 update 4 (build 422)', folder: 'C:\Keil_v5\ARM\ARMCC\Bin'
Build target 'STM324xG_EVAL'
compiling ff_gen_drv.c...
compiling diskio.c...
compiling ff.c...
compiling system_stm32f4xx.c...
compiling stm324xg_eval_io.c...
compiling stm324xg_eval.c...
assembling startup_stm32f407xx.s...
compiling stm324xg_eval_sd.c...
compiling stm32f4xx_hal_crc.c...
compiling stm32f4xx_hal_rcc.c...
compiling stm32f4xx_hal_pwr.c...
compiling stm32f4xx_hal_flash_ex.c...
compiling stm32f4xx_hal_i2c.c...
compiling stm32f4xx_hal_usart.c...
compiling stm32f4xx_hal_dma.c...
compiling stm32f4xx_hal_sd.c...
compiling stm32f4xx_hal_sram.c...
compiling stm32f4xx_hal_gpio.c...
compiling stm32f4xx_ll_sdmmc.c...
compiling stm32f4xx_ll_fsmc.c...
compiling stm32f4xx_hal.c...
compiling stm32f4xx_hal_flash.c...
compiling stm32f4xx_hal_cortex.c...
compiling stm32f4xx_hal_uart.c...
compiling sd_diskio.c...
compiling syscall.c...
compiling unicode.c...
compiling stmpe811.c...
compiling stm32f4xx_it.c...
compiling main.c...
linking...
Program Size: Code=15776 RO-data=652 RW-data=80 ZI-data=4056  
"STM324xG_EVAL\Exe\Project.axf" - 0 Error(s), 0 Warning(s).

<h2>Software Packages used:</h2>

Package Vendor: ARM
                http://www.keil.com/pack/ARM.CMSIS.5.3.0.pack
                ARM::CMSIS:CORE:5.1.1
                CMSIS (Cortex Microcontroller Software Interface Standard)
   * Component: CORE Version: 5.1.1

<h2>Collection of Component include folders:</h2>
  .\RTE\_STM324xG_EVAL
  C:\Keil_v5\ARM\PACK\ARM\CMSIS\5.3.0\CMSIS\Include
  C:\Keil_v5\ARM\PACK\Keil\STM32F4xx_DFP\2.13.0\Drivers\CMSIS\Device\ST\STM32F4xx\Include

<h2>Collection of Component Files used:</h2>

   * Component: ARM::CMSIS:CORE:5.1.1
Build Time Elapsed:  00:00:43
</pre>
</body>
</html>
